============================= test session starts =============================
platform win32 -- Python 3.12.10, pytest-8.4.1, pluggy-1.6.0 -- D:\Projects\Unified-AI-Project\venv\Scripts\python.exe
cachedir: .pytest_cache
rootdir: D:\Projects\Unified-AI-Project
configfile: pyproject.toml
testpaths: tests
plugins: anyio-4.9.0, asyncio-1.1.0, cov-6.2.1, mock-3.14.1, timeout-2.4.0
asyncio: mode=Mode.AUTO, asyncio_default_fixture_loop_scope=None, asyncio_default_test_loop_scope=function
timeout: 600.0s
timeout method: thread
timeout func_only: False
collecting ... collected 298 items

tests/agents/test_creative_writing_agent.py::TestCreativeWritingAgent::test_handle_marketing_copy_request FAILED [  0%]
tests/agents/test_creative_writing_agent.py::TestCreativeWritingAgent::test_handle_polish_text_request FAILED [  0%]
tests/agents/test_creative_writing_agent.py::TestCreativeWritingAgent::test_initialization PASSED [  1%]
tests/agents/test_creative_writing_agent.py::TestCreativeWritingAgent::test_unsupported_capability PASSED [  1%]
tests/agents/test_data_analysis_agent.py::TestDataAnalysisAgent::test_handle_task_request_success PASSED [  1%]
tests/agents/test_data_analysis_agent.py::TestDataAnalysisAgent::test_handle_task_request_tool_failure PASSED [  2%]
tests/agents/test_data_analysis_agent.py::TestDataAnalysisAgent::test_initialization PASSED [  2%]
tests/core_ai/code_understanding/test_lightweight_code_model.py::TestLightweightCodeModel::test_analyze_tool_file_no_classes_or_functions PASSED [  2%]
tests/core_ai/code_understanding/test_lightweight_code_model.py::TestLightweightCodeModel::test_analyze_tool_file_not_found PASSED [  3%]
tests/core_ai/code_understanding/test_lightweight_code_model.py::TestLightweightCodeModel::test_analyze_tool_file_parsing_error PASSED [  3%]
tests/core_ai/code_understanding/test_lightweight_code_model.py::TestLightweightCodeModel::test_analyze_tool_file_simple_class_and_function PASSED [  3%]
tests/core_ai/code_understanding/test_lightweight_code_model.py::TestLightweightCodeModel::test_get_tool_structure_ambiguous_patterns PASSED [  4%]
tests/core_ai/code_understanding/test_lightweight_code_model.py::TestLightweightCodeModel::test_get_tool_structure_direct_invalid_path PASSED [  4%]
tests/core_ai/code_understanding/test_lightweight_code_model.py::TestLightweightCodeModel::test_get_tool_structure_direct_valid_path PASSED [  4%]
tests/core_ai/code_understanding/test_lightweight_code_model.py::TestLightweightCodeModel::test_get_tool_structure_invalid_tools_directory PASSED [  5%]
tests/core_ai/code_understanding/test_lightweight_code_model.py::TestLightweightCodeModel::test_get_tool_structure_name_not_found PASSED [  5%]
tests/core_ai/code_understanding/test_lightweight_code_model.py::TestLightweightCodeModel::test_get_tool_structure_path_looks_like_path_but_not_found PASSED [  5%]
tests/core_ai/code_understanding/test_lightweight_code_model.py::TestLightweightCodeModel::test_get_tool_structure_prefers_exact_over_pattern PASSED [  6%]
tests/core_ai/code_understanding/test_lightweight_code_model.py::TestLightweightCodeModel::test_get_tool_structure_resolve_exact_name_dot_py PASSED [  6%]
tests/core_ai/code_understanding/test_lightweight_code_model.py::TestLightweightCodeModel::test_get_tool_structure_resolve_suffix_tool_pattern PASSED [  6%]
tests/core_ai/code_understanding/test_lightweight_code_model.py::TestLightweightCodeModel::test_get_tool_structure_resolve_tool_prefix_pattern PASSED [  7%]
tests/core_ai/code_understanding/test_lightweight_code_model.py::TestLightweightCodeModel::test_list_tool_files PASSED [  7%]
tests/core_ai/code_understanding/test_lightweight_code_model.py::TestLightweightCodeModel::test_list_tool_files_non_existent_dir PASSED [  7%]
tests/core_ai/dialogue/test_dialogue_manager.py::test_get_simple_response_project_trigger PASSED [  8%]
tests/core_ai/dialogue/test_dialogue_manager.py::test_get_simple_response_standard_flow PASSED [  8%]
tests/core_ai/dialogue/test_dialogue_manager.py::test_start_session_greeting PASSED [  8%]
tests/core_ai/dialogue/test_dialogue_manager.py::test_handle_incoming_hsp_task_result FAILED [  9%]
tests/core_ai/dialogue/test_dialogue_manager.py::test_get_simple_response_no_project_trigger FAILED [  9%]
tests/core_ai/dialogue/test_project_coordinator.py::test_handle_project_decomposes_and_executes PASSED [  9%]
tests/core_ai/dialogue/test_project_coordinator.py::test_execute_task_graph_with_dependencies PASSED [ 10%]
tests/core_ai/dialogue/test_project_coordinator.py::test_execute_task_graph_circular_dependency PASSED [ 10%]
tests/core_ai/formula_engine/test_formula_engine.py::TestFormulaEngine::test_execute_formula PASSED [ 10%]
tests/core_ai/formula_engine/test_formula_engine.py::TestFormulaEngine::test_execute_formula_no_params PASSED [ 11%]
tests/core_ai/formula_engine/test_formula_engine.py::TestFormulaEngine::test_load_formulas_empty_list PASSED [ 11%]
tests/core_ai/formula_engine/test_formula_engine.py::TestFormulaEngine::test_load_formulas_file_not_found PASSED [ 11%]
tests/core_ai/formula_engine/test_formula_engine.py::TestFormulaEngine::test_load_formulas_malformed_json PASSED [ 12%]
tests/core_ai/formula_engine/test_formula_engine.py::TestFormulaEngine::test_load_formulas_valid_file PASSED [ 12%]
tests/core_ai/formula_engine/test_formula_engine.py::TestFormulaEngine::test_match_input_case_insensitive PASSED [ 12%]
tests/core_ai/formula_engine/test_formula_engine.py::TestFormulaEngine::test_match_input_disabled_formula PASSED [ 13%]
tests/core_ai/formula_engine/test_formula_engine.py::TestFormulaEngine::test_match_input_empty_input PASSED [ 13%]
tests/core_ai/formula_engine/test_formula_engine.py::TestFormulaEngine::test_match_input_no_match PASSED [ 13%]
tests/core_ai/formula_engine/test_formula_engine.py::TestFormulaEngine::test_match_input_priority PASSED [ 14%]
tests/core_ai/formula_engine/test_formula_engine.py::TestFormulaEngine::test_match_input_simple_match PASSED [ 14%]
tests/core_ai/language_models/test_daily_language_model.py::TestDailyLanguageModel::test_01_initialization PASSED [ 14%]
tests/core_ai/language_models/test_daily_language_model.py::TestDailyLanguageModel::test_02_recognize_intent_calculate PASSED [ 15%]
tests/core_ai/language_models/test_daily_language_model.py::TestDailyLanguageModel::test_03_recognize_intent_evaluate_logic PASSED [ 15%]
tests/core_ai/language_models/test_daily_language_model.py::TestDailyLanguageModel::test_04_recognize_intent_translate_text PASSED [ 15%]
tests/core_ai/language_models/test_daily_language_model.py::TestDailyLanguageModel::test_05_no_intent_recognized PASSED [ 16%]
tests/core_ai/learning/test_content_analyzer_module.py::TestContentAnalyzerModule::test_01_initialization PASSED [ 16%]
tests/core_ai/learning/test_content_analyzer_module.py::TestContentAnalyzerModule::test_02_simple_entity_extraction PASSED [ 16%]
tests/core_ai/learning/test_content_analyzer_module.py::TestContentAnalyzerModule::test_03_no_entities_extraction PASSED [ 17%]
tests/core_ai/learning/test_content_analyzer_module.py::TestContentAnalyzerModule::test_04_simple_svo_relationship PASSED [ 17%]
tests/core_ai/learning/test_content_analyzer_module.py::TestContentAnalyzerModule::test_05_prep_object_relationship PASSED [ 17%]
tests/core_ai/learning/test_content_analyzer_module.py::TestContentAnalyzerModule::test_06_noun_prep_noun_relationship_of PASSED [ 18%]
tests/core_ai/learning/test_content_analyzer_module.py::TestContentAnalyzerModule::test_07_noun_of_noun_org_has_attribute PASSED [ 18%]
tests/core_ai/learning/test_content_analyzer_module.py::TestContentAnalyzerModule::test_08_noun_of_noun_attribute_of PASSED [ 18%]
tests/core_ai/learning/test_content_analyzer_module.py::TestContentAnalyzerModule::test_08a_entity_is_a_concept PASSED [ 19%]
tests/core_ai/learning/test_content_analyzer_module.py::TestContentAnalyzerModule::test_09_possessive_relationship_entity_to_entity PASSED [ 19%]
tests/core_ai/learning/test_content_analyzer_module.py::TestContentAnalyzerModule::test_10_possessive_relationship_entity_to_concept PASSED [ 19%]
tests/core_ai/learning/test_content_analyzer_module.py::TestContentAnalyzerModule::test_11_matcher_located_in PASSED [ 20%]
tests/core_ai/learning/test_content_analyzer_module.py::TestContentAnalyzerModule::test_12_matcher_works_for PASSED [ 20%]
tests/core_ai/lis/test_ham_lis_cache.py::TestHAMLISCache::test_add_and_get_antibody_roundtrip PASSED [ 20%]
tests/core_ai/lis/test_ham_lis_cache.py::TestHAMLISCache::test_add_antibody_success PASSED [ 21%]
tests/core_ai/lis/test_ham_lis_cache.py::TestHAMLISCache::test_get_incident_by_id_found PASSED [ 21%]
tests/core_ai/lis/test_ham_lis_cache.py::TestHAMLISCache::test_get_incident_by_id_not_found PASSED [ 21%]
tests/core_ai/lis/test_ham_lis_cache.py::TestHAMLISCache::test_get_learned_antibodies_filter_by_anomaly_type PASSED [ 22%]
tests/core_ai/lis/test_ham_lis_cache.py::TestHAMLISCache::test_get_learned_antibodies_filter_by_effectiveness PASSED [ 22%]
tests/core_ai/lis/test_ham_lis_cache.py::TestHAMLISCache::test_get_learned_antibodies_no_filters PASSED [ 22%]
tests/core_ai/lis/test_ham_lis_cache.py::TestHAMLISCache::test_query_incidents_by_anomaly_type PASSED [ 23%]
tests/core_ai/lis/test_ham_lis_cache.py::TestHAMLISCache::test_query_incidents_by_min_severity PASSED [ 23%]
tests/core_ai/lis/test_ham_lis_cache.py::TestHAMLISCache::test_query_incidents_by_status PASSED [ 23%]
tests/core_ai/lis/test_ham_lis_cache.py::TestHAMLISCache::test_query_incidents_by_tags_multiple_all_must_match PASSED [ 24%]
tests/core_ai/lis/test_ham_lis_cache.py::TestHAMLISCache::test_query_incidents_by_tags_single PASSED [ 24%]
tests/core_ai/lis/test_ham_lis_cache.py::TestHAMLISCache::test_query_incidents_by_time_window PASSED [ 24%]
tests/core_ai/lis/test_ham_lis_cache.py::TestHAMLISCache::test_query_incidents_combined_filters PASSED [ 25%]
tests/core_ai/lis/test_ham_lis_cache.py::TestHAMLISCache::test_query_incidents_empty_result PASSED [ 25%]
tests/core_ai/lis/test_ham_lis_cache.py::TestHAMLISCache::test_query_incidents_limit_and_sorting PASSED [ 25%]
tests/core_ai/lis/test_ham_lis_cache.py::TestHAMLISCache::test_query_incidents_no_filters PASSED [ 26%]
tests/core_ai/lis/test_ham_lis_cache.py::TestHAMLISCache::test_store_and_get_incident_roundtrip PASSED [ 26%]
tests/core_ai/lis/test_ham_lis_cache.py::TestHAMLISCache::test_store_incident_missing_anomaly_event PASSED [ 26%]
tests/core_ai/lis/test_ham_lis_cache.py::TestHAMLISCache::test_store_incident_success PASSED [ 27%]
tests/core_ai/lis/test_tonal_repair_engine.py::TestTonalRepairEngine::test_repair_output PASSED [ 27%]
tests/core_ai/memory/test_ham_memory_manager.py::test_01_initialization_and_empty_store PASSED [ 27%]
tests/core_ai/memory/test_ham_memory_manager.py::test_02_store_and_recall_text_experience PASSED [ 28%]
tests/core_ai/memory/test_ham_memory_manager.py::test_03_store_and_recall_generic_data PASSED [ 28%]
tests/core_ai/memory/test_ham_memory_manager.py::test_04_persistence PASSED [ 28%]
tests/core_ai/memory/test_ham_memory_manager.py::test_05_recall_non_existent_memory PASSED [ 29%]
tests/core_ai/memory/test_ham_memory_manager.py::test_06_query_memory_keywords PASSED [ 29%]
tests/core_ai/memory/test_ham_memory_manager.py::test_07_query_memory_data_type PASSED [ 29%]
tests/core_ai/memory/test_ham_memory_manager.py::test_08_query_memory_date_range PASSED [ 30%]
tests/core_ai/memory/test_ham_memory_manager.py::test_09_empty_text_abstraction PASSED [ 30%]
tests/core_ai/memory/test_ham_memory_manager.py::test_10_encryption_decryption PASSED [ 30%]
tests/core_ai/memory/test_ham_memory_manager.py::test_11_checksum_verification PASSED [ 31%]
tests/core_ai/memory/test_ham_memory_manager.py::test_12_advanced_text_abstraction_placeholders PASSED [ 31%]
tests/core_ai/memory/test_ham_memory_manager.py::test_13_store_experience_simulated_disk_full PASSED [ 31%]
tests/core_ai/memory/test_ham_memory_manager.py::test_14_store_experience_simulated_lag_warning PASSED [ 32%]
tests/core_ai/memory/test_ham_memory_manager.py::test_15_store_experience_simulated_lag_critical PASSED [ 32%]
tests/core_ai/memory/test_ham_memory_manager.py::test_16_get_current_disk_usage_gb PASSED [ 32%]
tests/core_ai/memory/test_ham_memory_manager.py::test_17_query_core_memory_return_multiple_candidates PASSED [ 33%]
tests/core_ai/memory/test_ham_memory_manager.py::test_18_encryption_failure PASSED [ 33%]
tests/core_ai/memory/test_ham_memory_manager.py::test_19_disk_full_handling PASSED [ 33%]
tests/core_ai/memory/test_ham_memory_manager.py::test_20_delete_old_experiences PASSED [ 34%]
tests/core_ai/memory/test_ham_memory_manager.py::test_21_concurrent_access PASSED [ 34%]
tests/core_ai/meta_formulas/test_meta_formulas.py::TestMetaFormulas::test_errx PASSED [ 34%]
tests/core_ai/meta_formulas/test_meta_formulas.py::TestMetaFormulas::test_meta_formula PASSED [ 35%]
tests/core_ai/meta_formulas/test_meta_formulas.py::TestMetaFormulas::test_undefined_field PASSED [ 35%]
tests/core_ai/personality/test_personality_manager.py::TestPersonalityManager::test_01_initialization_default_path PASSED [ 35%]
tests/core_ai/personality/test_personality_manager.py::TestPersonalityManager::test_02_initialization_custom_path PASSED [ 36%]
tests/core_ai/personality/test_personality_manager.py::TestPersonalityManager::test_03_load_personality PASSED [ 36%]
tests/core_ai/personality/test_personality_manager.py::TestPersonalityManager::test_04_load_non_existent_profile PASSED [ 36%]
tests/core_ai/personality/test_personality_manager.py::TestPersonalityManager::test_05_get_trait PASSED [ 37%]
tests/core_ai/service_discovery/test_service_discovery_module.py::TestServiceDiscoveryModule::test_init PASSED [ 37%]
tests/core_ai/service_discovery/test_service_discovery_module.py::TestServiceDiscoveryModule::test_process_capability_advertisement_new_and_update PASSED [ 37%]
tests/core_ai/service_discovery/test_service_discovery_module.py::TestServiceDiscoveryModule::test_process_capability_advertisement_missing_ids PASSED [ 38%]
tests/core_ai/service_discovery/test_service_discovery_module.py::TestServiceDiscoveryModule::test_get_capability_by_id PASSED [ 38%]
tests/core_ai/service_discovery/test_service_discovery_module.py::TestServiceDiscoveryModule::test_find_capabilities_no_filters PASSED [ 38%]
tests/core_ai/service_discovery/test_service_discovery_module.py::TestServiceDiscoveryModule::test_find_capabilities_by_id PASSED [ 39%]
tests/core_ai/service_discovery/test_service_discovery_module.py::TestServiceDiscoveryModule::test_find_capabilities_by_name PASSED [ 39%]
tests/core_ai/service_discovery/test_service_discovery_module.py::TestServiceDiscoveryModule::test_find_capabilities_by_tags PASSED [ 39%]
tests/core_ai/service_discovery/test_service_discovery_module.py::TestServiceDiscoveryModule::test_find_capabilities_by_min_trust PASSED [ 40%]
tests/core_ai/service_discovery/test_service_discovery_module.py::TestServiceDiscoveryModule::test_find_capabilities_sort_by_trust PASSED [ 40%]
tests/core_ai/service_discovery/test_service_discovery_module.py::TestServiceDiscoveryModule::test_find_capabilities_combined_filters_and_sort PASSED [ 40%]
tests/core_ai/service_discovery/test_service_discovery_module.py::TestServiceDiscoveryModule::test_staleness_checks PASSED [ 41%]
tests/core_ai/service_discovery/test_service_discovery_module.py::TestServiceDiscoveryModule::test_get_capability_by_id_staleness_direct_variant PASSED [ 41%]
tests/core_ai/test_agent_manager.py::TestAgentManager::test_initialization PASSED [ 41%]
tests/core_ai/test_agent_manager.py::TestAgentManager::test_launch_agent_already_running PASSED [ 42%]
tests/core_ai/test_agent_manager.py::TestAgentManager::test_launch_agent_not_found PASSED [ 42%]
tests/core_ai/test_agent_manager.py::TestAgentManager::test_launch_agent_success PASSED [ 42%]
tests/core_ai/test_agent_manager.py::TestAgentManager::test_shutdown_agent_not_running PASSED [ 43%]
tests/core_ai/test_agent_manager.py::TestAgentManager::test_shutdown_agent_success PASSED [ 43%]
tests/core_ai/test_agent_manager.py::TestAgentManager::test_shutdown_all_agents PASSED [ 43%]
tests/core_ai/test_crisis_system.py::TestCrisisSystem::test_01_initialization PASSED [ 44%]
tests/core_ai/test_crisis_system.py::TestCrisisSystem::test_02_assess_normal_input PASSED [ 44%]
tests/core_ai/test_crisis_system.py::TestCrisisSystem::test_03_assess_crisis_input_escalation PASSED [ 44%]
tests/core_ai/test_crisis_system.py::TestCrisisSystem::test_04_resolve_crisis PASSED [ 45%]
tests/core_ai/test_crisis_system.py::TestCrisisSystem::test_05_trigger_protocol PASSED [ 45%]
tests/core_ai/test_emotion_system.py::TestEmotionSystem::test_01_initialization PASSED [ 45%]
tests/core_ai/test_emotion_system.py::TestEmotionSystem::test_02_update_emotion_based_on_input PASSED [ 46%]
tests/core_ai/test_emotion_system.py::TestEmotionSystem::test_03_get_current_emotion_expression PASSED [ 46%]
tests/core_ai/test_time_system.py::TestTimeSystem::test_01_initialization PASSED [ 46%]
tests/core_ai/test_time_system.py::TestTimeSystem::test_02_get_current_time PASSED [ 47%]
tests/core_ai/test_time_system.py::TestTimeSystem::test_03_get_formatted_current_time PASSED [ 47%]
tests/core_ai/test_time_system.py::TestTimeSystem::test_04_set_reminder_placeholder PASSED [ 47%]
tests/core_ai/test_time_system.py::TestTimeSystem::test_05_check_due_reminders_placeholder PASSED [ 48%]
tests/core_ai/test_time_system.py::TestTimeSystem::test_06_get_time_of_day_segment PASSED [ 48%]
tests/creation/test_creation_engine.py::TestCreationEngine::test_create_model PASSED [ 48%]
tests/creation/test_creation_engine.py::TestCreationEngine::test_create_tool PASSED [ 49%]
tests/evaluation/test_evaluator.py::TestEvaluator::test_evaluate FAILED  [ 49%]
tests/fragmenta/test_fragmenta_orchestrator.py::TestFragmentaOrchestrator::test_process_complex_task PASSED [ 50%]
tests/game/test_assets.py::test_asset_loading PASSED                     [ 50%]
tests/game/test_assets.py::test_specific_assets_loaded PASSED            [ 50%]
tests/game/test_main.py::test_game_initialization PASSED                 [ 51%]
tests/game/test_npcs.py::test_npc_creation PASSED                        [ 51%]
tests/game/test_npcs.py::test_npc_creation_invalid_id PASSED             [ 51%]
tests/hsp/test_hsp_connector.py::TestHSPConnectorConnectionLogic::test_initial_connection_logging PASSED [ 52%]
tests/hsp/test_hsp_connector.py::TestHSPConnectorConnectionLogic::test_unexpected_disconnection_flag_and_logging PASSED [ 52%]
tests/hsp/test_hsp_connector.py::TestHSPConnectorConnectionLogic::test_clean_disconnection_flag_reset_and_logging PASSED [ 52%]
tests/hsp/test_hsp_connector.py::TestHSPConnectorConnectionLogic::test_reconnection_logging_and_flag_reset PASSED [ 53%]
tests/hsp/test_hsp_connector.py::TestHSPConnectorConnectionLogic::test_failed_connection_attempt_logging PASSED [ 53%]
tests/hsp/test_hsp_connector.py::TestHSPConnectorConnectionLogic::test_resubscription_on_connect PASSED [ 53%]
tests/hsp/test_hsp_connector.py::TestHSPConnectorConnectionLogic::test_constructor_configures_gmqtt_reconnect_delay PASSED [ 54%]
tests/hsp/test_hsp_connector.py::TestHSPConnectorACKLogic::test_ack_sent_if_required PASSED [ 54%]
tests/hsp/test_hsp_connector.py::TestHSPConnectorACKLogic::test_ack_not_sent_if_not_required_or_missing[None] PASSED [ 54%]
tests/hsp/test_hsp_connector.py::TestHSPConnectorACKLogic::test_ack_not_sent_if_not_required_or_missing[qos_params1] PASSED [ 55%]
tests/hsp/test_hsp_connector.py::TestHSPConnectorACKLogic::test_ack_not_sent_if_not_required_or_missing[qos_params2] PASSED [ 55%]
tests/hsp/test_hsp_connector.py::TestHSPConnectorACKLogic::test_ack_not_sent_if_not_required_or_missing[qos_params3] PASSED [ 55%]
tests/hsp/test_hsp_connector.py::TestHSPConnectorACKLogic::test_ack_payload_and_envelope_construction PASSED [ 56%]
tests/hsp/test_hsp_connector.py::TestHSPConnectorMessageBuilding::test_build_hsp_envelope_populates_schema_uri[HSP::Fact_v0.1-hsp:schema:payload/Fact/0.1] PASSED [ 56%]
tests/hsp/test_hsp_connector.py::TestHSPConnectorMessageBuilding::test_build_hsp_envelope_populates_schema_uri[HSP::CapabilityAdvertisement_v1.2.3-hsp:schema:payload/CapabilityAdvertisement/1.2.3] PASSED [ 56%]
tests/hsp/test_hsp_connector.py::TestHSPConnectorMessageBuilding::test_build_hsp_envelope_populates_schema_uri[MyCustomType_v2.0-hsp:schema:payload/MyCustomType/2.0] PASSED [ 57%]
tests/hsp/test_hsp_connector.py::TestHSPConnectorMessageBuilding::test_build_hsp_envelope_populates_schema_uri[HSP::Another_Type_v0.0.1-alpha-hsp:schema:payload/Another_Type/0.0.1-alpha] PASSED [ 57%]
tests/hsp/test_hsp_connector.py::TestHSPConnectorMessageBuilding::test_build_hsp_envelope_populates_schema_uri[NoVersionInName-None] PASSED [ 57%]
tests/hsp/test_hsp_connector.py::TestHSPConnectorMessageBuilding::test_build_hsp_envelope_populates_schema_uri[Malformed_v-None] PASSED [ 58%]
tests/hsp/test_hsp_connector.py::TestHSPConnectorMessageBuilding::test_build_hsp_envelope_populates_schema_uri[HSP::NoVersionSuffix-None] PASSED [ 58%]
tests/hsp/test_hsp_connector.py::TestHSPConnectorMessageBuilding::test_build_hsp_envelope_populates_schema_uri[HSP::SomeType_v-None] PASSED [ 58%]
tests/hsp/test_hsp_connector.py::TestHSPConnectorMessageBuilding::test_build_hsp_envelope_populates_schema_uri[HSP::_v1.0-None] PASSED [ 59%]
tests/hsp/test_hsp_connector.py::TestHSPConnectorMessageBuilding::test_build_hsp_envelope_populates_schema_uri[-None] PASSED [ 59%]
tests/hsp/test_hsp_connector.py::TestHSPConnectorMessageBuilding::test_build_hsp_envelope_populates_schema_uri[None-None] PASSED [ 59%]
tests/hsp/test_hsp_integration.py::TestHSPFactPublishing::test_learning_manager_publishes_fact_via_hsp +++++++++++++++++++++++++++++++++++ Timeout +++++++++++++++++++++++++++++++++++
~~~~~~~~~~~~~~~~~~~~~~~~~~~~~~~ Captured stdout ~~~~~~~~~~~~~~~~~~~~~~~~~~~~~~~
ContentAnalyzerModule: Loaded 14 ontology mappings and 3 prefix definitions from 'D:\Projects\Unified-AI-Project\configs\ontology_mappings.yaml'.
ContentAnalyzerModule initialized with spaCy model: core_web_sm. Internal graph created. Ontology mappings loaded: 14 entries.
LLMInterface: Initialized MOCK client.
LLMInterface: Initialized. Active provider: mock
FactExtractorModule initialized.
TrustManager initialized. Default score for new AIs: 0.5
~~~~~~~~~~~~~~~~~~~~~~~~~~~~~~~ Captured stderr ~~~~~~~~~~~~~~~~~~~~~~~~~~~~~~~
WARNING:amqtt.broker.plugins.auth_file:Configuration parameter 'password-file' not found
INFO:transitions.core:Executed callback '<bound method Broker._log_state_change of <amqtt.broker.Broker object at 0x0000021365C6FDD0>>'
INFO:transitions.core:Finished processing state new exit callbacks.
INFO:transitions.core:Finished processing state starting enter callbacks.
INFO:amqtt.broker:Listener 'default' bind to 127.0.0.1:1884 (max_connections=-1)
INFO:transitions.core:Finished processing state starting exit callbacks.
INFO:transitions.core:Finished processing state started enter callbacks.
INFO:src.hsp.connector:HSPConnector (did:hsp:test_ai_main_001): Attempting to connect to 127.0.0.1:1884...
INFO:gmqtt.mqtt.protocol:[CONNECTION MADE]
~~~~~~~~~~~~~~~~~~~~~~~~~ Stack of MainThread (4472) ~~~~~~~~~~~~~~~~~~~~~~~~~~
  File "<frozen runpy>", line 198, in _run_module_as_main
  File "<frozen runpy>", line 88, in _run_code
  File "D:\Projects\Unified-AI-Project\venv\Scripts\pytest.exe\__main__.py", line 7, in <module>
    sys.exit(console_main())
  File "D:\Projects\Unified-AI-Project\venv\Lib\site-packages\_pytest\config\__init__.py", line 201, in console_main
    code = main()
  File "D:\Projects\Unified-AI-Project\venv\Lib\site-packages\_pytest\config\__init__.py", line 175, in main
    ret: ExitCode | int = config.hook.pytest_cmdline_main(config=config)
  File "D:\Projects\Unified-AI-Project\venv\Lib\site-packages\pluggy\_hooks.py", line 512, in __call__
    return self._hookexec(self.name, self._hookimpls.copy(), kwargs, firstresult)
  File "D:\Projects\Unified-AI-Project\venv\Lib\site-packages\pluggy\_manager.py", line 120, in _hookexec
    return self._inner_hookexec(hook_name, methods, kwargs, firstresult)
  File "D:\Projects\Unified-AI-Project\venv\Lib\site-packages\pluggy\_callers.py", line 121, in _multicall
    res = hook_impl.function(*args)
  File "D:\Projects\Unified-AI-Project\venv\Lib\site-packages\_pytest\main.py", line 336, in pytest_cmdline_main
    return wrap_session(config, _main)
  File "D:\Projects\Unified-AI-Project\venv\Lib\site-packages\_pytest\main.py", line 289, in wrap_session
    session.exitstatus = doit(config, session) or 0
  File "D:\Projects\Unified-AI-Project\venv\Lib\site-packages\_pytest\main.py", line 343, in _main
    config.hook.pytest_runtestloop(session=session)
  File "D:\Projects\Unified-AI-Project\venv\Lib\site-packages\pluggy\_hooks.py", line 512, in __call__
    return self._hookexec(self.name, self._hookimpls.copy(), kwargs, firstresult)
  File "D:\Projects\Unified-AI-Project\venv\Lib\site-packages\pluggy\_manager.py", line 120, in _hookexec
    return self._inner_hookexec(hook_name, methods, kwargs, firstresult)
  File "D:\Projects\Unified-AI-Project\venv\Lib\site-packages\pluggy\_callers.py", line 121, in _multicall
    res = hook_impl.function(*args)
  File "D:\Projects\Unified-AI-Project\venv\Lib\site-packages\_pytest\main.py", line 367, in pytest_runtestloop
    item.config.hook.pytest_runtest_protocol(item=item, nextitem=nextitem)
  File "D:\Projects\Unified-AI-Project\venv\Lib\site-packages\pluggy\_hooks.py", line 512, in __call__
    return self._hookexec(self.name, self._hookimpls.copy(), kwargs, firstresult)
  File "D:\Projects\Unified-AI-Project\venv\Lib\site-packages\pluggy\_manager.py", line 120, in _hookexec
    return self._inner_hookexec(hook_name, methods, kwargs, firstresult)
  File "D:\Projects\Unified-AI-Project\venv\Lib\site-packages\pluggy\_callers.py", line 121, in _multicall
    res = hook_impl.function(*args)
  File "D:\Projects\Unified-AI-Project\venv\Lib\site-packages\_pytest\runner.py", line 117, in pytest_runtest_protocol
    runtestprotocol(item, nextitem=nextitem)
  File "D:\Projects\Unified-AI-Project\venv\Lib\site-packages\_pytest\runner.py", line 130, in runtestprotocol
    rep = call_and_report(item, "setup", log)
  File "D:\Projects\Unified-AI-Project\venv\Lib\site-packages\_pytest\runner.py", line 245, in call_and_report
    call = CallInfo.from_call(
  File "D:\Projects\Unified-AI-Project\venv\Lib\site-packages\_pytest\runner.py", line 344, in from_call
    result: TResult | None = func()
  File "D:\Projects\Unified-AI-Project\venv\Lib\site-packages\_pytest\runner.py", line 246, in <lambda>
    lambda: runtest_hook(item=item, **kwds), when=when, reraise=reraise
  File "D:\Projects\Unified-AI-Project\venv\Lib\site-packages\pluggy\_hooks.py", line 512, in __call__
    return self._hookexec(self.name, self._hookimpls.copy(), kwargs, firstresult)
  File "D:\Projects\Unified-AI-Project\venv\Lib\site-packages\pluggy\_manager.py", line 120, in _hookexec
    return self._inner_hookexec(hook_name, methods, kwargs, firstresult)
  File "D:\Projects\Unified-AI-Project\venv\Lib\site-packages\pluggy\_callers.py", line 121, in _multicall
    res = hook_impl.function(*args)
  File "D:\Projects\Unified-AI-Project\venv\Lib\site-packages\_pytest\runner.py", line 164, in pytest_runtest_setup
    item.session._setupstate.setup(item)
  File "D:\Projects\Unified-AI-Project\venv\Lib\site-packages\_pytest\runner.py", line 514, in setup
    col.setup()
  File "D:\Projects\Unified-AI-Project\venv\Lib\site-packages\_pytest\python.py", line 1674, in setup
    self._request._fillfixtures()
  File "D:\Projects\Unified-AI-Project\venv\Lib\site-packages\_pytest\fixtures.py", line 719, in _fillfixtures
    item.funcargs[argname] = self.getfixturevalue(argname)
  File "D:\Projects\Unified-AI-Project\venv\Lib\site-packages\_pytest\fixtures.py", line 548, in getfixturevalue
    fixturedef = self._get_active_fixturedef(argname)
  File "D:\Projects\Unified-AI-Project\venv\Lib\site-packages\_pytest\fixtures.py", line 639, in _get_active_fixturedef
    fixturedef.execute(request=subrequest)
  File "D:\Projects\Unified-AI-Project\venv\Lib\site-packages\_pytest\fixtures.py", line 1083, in execute
    fixturedef = request._get_active_fixturedef(argname)
  File "D:\Projects\Unified-AI-Project\venv\Lib\site-packages\_pytest\fixtures.py", line 639, in _get_active_fixturedef
    fixturedef.execute(request=subrequest)
  File "D:\Projects\Unified-AI-Project\venv\Lib\site-packages\_pytest\fixtures.py", line 1127, in execute
    result = ihook.pytest_fixture_setup(fixturedef=self, request=request)
  File "D:\Projects\Unified-AI-Project\venv\Lib\site-packages\pluggy\_hooks.py", line 512, in __call__
    return self._hookexec(self.name, self._hookimpls.copy(), kwargs, firstresult)
  File "D:\Projects\Unified-AI-Project\venv\Lib\site-packages\pluggy\_manager.py", line 120, in _hookexec
    return self._inner_hookexec(hook_name, methods, kwargs, firstresult)
  File "D:\Projects\Unified-AI-Project\venv\Lib\site-packages\pluggy\_callers.py", line 121, in _multicall
    res = hook_impl.function(*args)
  File "D:\Projects\Unified-AI-Project\venv\Lib\site-packages\_pytest\fixtures.py", line 1195, in pytest_fixture_setup
    result = call_fixture_func(fixturefunc, request, kwargs)
  File "D:\Projects\Unified-AI-Project\venv\Lib\site-packages\_pytest\fixtures.py", line 929, in call_fixture_func
    fixture_result = fixturefunc(**kwargs)
  File "D:\Projects\Unified-AI-Project\venv\Lib\site-packages\pytest_asyncio\plugin.py", line 272, in _asyncgen_fixture_wrapper
    result = runner.run(setup(), context=context)
  File "C:\Users\catai\AppData\Local\Programs\Python\Python312\Lib\asyncio\runners.py", line 118, in run
    return self._loop.run_until_complete(task)
  File "C:\Users\catai\AppData\Local\Programs\Python\Python312\Lib\asyncio\base_events.py", line 678, in run_until_complete
    self.run_forever()
  File "C:\Users\catai\AppData\Local\Programs\Python\Python312\Lib\asyncio\windows_events.py", line 322, in run_forever
    super().run_forever()
  File "C:\Users\catai\AppData\Local\Programs\Python\Python312\Lib\asyncio\base_events.py", line 645, in run_forever
    self._run_once()
  File "C:\Users\catai\AppData\Local\Programs\Python\Python312\Lib\asyncio\base_events.py", line 1961, in _run_once
    event_list = self._selector.select(timeout)
  File "C:\Users\catai\AppData\Local\Programs\Python\Python312\Lib\asyncio\windows_events.py", line 445, in select
    self._poll(timeout)
  File "C:\Users\catai\AppData\Local\Programs\Python\Python312\Lib\asyncio\windows_events.py", line 774, in _poll
    status = _overlapped.GetQueuedCompletionStatus(self._iocp, ms)
+++++++++++++++++++++++++++++++++++ Timeout +++++++++++++++++++++++++++++++++++
