============================= test session starts =============================
platform win32 -- Python 3.12.10, pytest-8.4.1, pluggy-1.6.0 -- C:\Users\catai\AppData\Local\Programs\Python\Python312\python.exe
cachedir: .pytest_cache
rootdir: D:\Projects\Unified-AI-Project
configfile: pyproject.toml
plugins: anyio-4.9.0, langsmith-0.4.5, asyncio-1.0.0, cov-6.2.1, timeout-2.4.0
asyncio: mode=Mode.AUTO, asyncio_default_fixture_loop_scope=None, asyncio_default_test_loop_scope=function
timeout: 10.0s
timeout method: thread
timeout func_only: False
collecting ... common_types.py (debug version) is being imported and defining ServiceStatus...
common_types.py (debug version) finished definitions.
ResourceAwarenessService module loaded.
collected 21 items

tests/core_ai/memory/test_ham_memory_manager.py::test_01_initialization_and_empty_store CRITICAL WARNING: MIKO_HAM_KEY environment variable not set.
Encryption/Decryption will NOT be functional. Generating a TEMPORARY, NON-PERSISTENT key for this session only.
DO NOT use this for any real data you want to keep, as it will be lost.
Temporary MIKO_HAM_KEY for this session: bHGpd1jWmhcfzZINu3kipQIwTi671pbNnqiQ-ll6G28=
Core memory loaded from D:\Projects\Unified-AI-Project\data\processed_data\test_ham_core_memory.json. Next ID: 6
HAMMemoryManager initialized. Core memory file: D:\Projects\Unified-AI-Project\data\processed_data\test_ham_core_memory.json. Encryption enabled: True
CRITICAL WARNING: MIKO_HAM_KEY environment variable not set.
Encryption/Decryption will NOT be functional. Generating a TEMPORARY, NON-PERSISTENT key for this session only.
DO NOT use this for any real data you want to keep, as it will be lost.
Temporary MIKO_HAM_KEY for this session: xnxDpuNK-pCAB7lQnxDmcOnDfEmH80qDmis5mIUy85s=
Core memory file not found. Initializing an empty store and saving.
HAMMemoryManager initialized. Core memory file: D:\Projects\Unified-AI-Project\data\processed_data\test_ham_core_memory.json. Encryption enabled: True
CRITICAL WARNING: MIKO_HAM_KEY environment variable not set.
Encryption/Decryption will NOT be functional. Generating a TEMPORARY, NON-PERSISTENT key for this session only.
DO NOT use this for any real data you want to keep, as it will be lost.
Temporary MIKO_HAM_KEY for this session: rs9pjlm-0DPmBL9UVSjmkI7eqcU6BktK0NiP0cCXeFM=
Core memory loaded from D:\Projects\Unified-AI-Project\data\processed_data\test_ham_res_aware_memory.json. Next ID: 1
HAMMemoryManager initialized. Core memory file: D:\Projects\Unified-AI-Project\data\processed_data\test_ham_res_aware_memory.json. Encryption enabled: True
CRITICAL WARNING: MIKO_HAM_KEY environment variable not set.
Encryption/Decryption will NOT be functional. Generating a TEMPORARY, NON-PERSISTENT key for this session only.
DO NOT use this for any real data you want to keep, as it will be lost.
Temporary MIKO_HAM_KEY for this session: ZDpcg0CC4AniVo7s-0a1FxYawPEFYzOIHbGTCYdPYMY=
Core memory file not found. Initializing an empty store and saving.
HAMMemoryManager initialized. Core memory file: D:\Projects\Unified-AI-Project\data\processed_data\test_ham_res_aware_memory.json. Encryption enabled: True

Running test_01_initialization_and_empty_store...
test_01_initialization_and_empty_store PASSED
PASSED
tests/core_ai/memory/test_ham_memory_manager.py::test_02_store_and_recall_text_experience CRITICAL WARNING: MIKO_HAM_KEY environment variable not set.
Encryption/Decryption will NOT be functional. Generating a TEMPORARY, NON-PERSISTENT key for this session only.
DO NOT use this for any real data you want to keep, as it will be lost.
Temporary MIKO_HAM_KEY for this session: tW9PccyW7-kWUkxxgPyt2tB6YfFFDsubuBs584r2hfA=
Core memory file not found. Initializing an empty store and saving.
HAMMemoryManager initialized. Core memory file: D:\Projects\Unified-AI-Project\data\processed_data\test_ham_core_memory.json. Encryption enabled: True
CRITICAL WARNING: MIKO_HAM_KEY environment variable not set.
Encryption/Decryption will NOT be functional. Generating a TEMPORARY, NON-PERSISTENT key for this session only.
DO NOT use this for any real data you want to keep, as it will be lost.
Temporary MIKO_HAM_KEY for this session: 1QCtnQEgI8UHCPmyLfnsQy59lGbX6RW_pp_v5O_COnw=
Core memory file not found. Initializing an empty store and saving.
HAMMemoryManager initialized. Core memory file: D:\Projects\Unified-AI-Project\data\processed_data\test_ham_core_memory.json. Encryption enabled: True
CRITICAL WARNING: MIKO_HAM_KEY environment variable not set.
Encryption/Decryption will NOT be functional. Generating a TEMPORARY, NON-PERSISTENT key for this session only.
DO NOT use this for any real data you want to keep, as it will be lost.
Temporary MIKO_HAM_KEY for this session: h2b9fiBla6Nw5NIYbJUe8aIXPYGmJSs0-DwsM33xEt4=
Core memory file not found. Initializing an empty store and saving.
HAMMemoryManager initialized. Core memory file: D:\Projects\Unified-AI-Project\data\processed_data\test_ham_res_aware_memory.json. Encryption enabled: True
CRITICAL WARNING: MIKO_HAM_KEY environment variable not set.
Encryption/Decryption will NOT be functional. Generating a TEMPORARY, NON-PERSISTENT key for this session only.
DO NOT use this for any real data you want to keep, as it will be lost.
Temporary MIKO_HAM_KEY for this session: tyS5qqCnsvUHXwbKye8xfzIqOvY8aYvA-px4VisF8nQ=
Core memory file not found. Initializing an empty store and saving.
HAMMemoryManager initialized. Core memory file: D:\Projects\Unified-AI-Project\data\processed_data\test_ham_res_aware_memory.json. Encryption enabled: True

Running test_02_store_and_recall_text_experience...
HAM: Storing experience of type 'dialogue_text'
HAM: Placeholder: Detected English-like text, conceptual POS tags would be generated.
HAM: Stored experience mem_000001
HAM: Recalling gist for memory_id 'mem_000001'
test_02_store_and_recall_text_experience PASSED
PASSED
tests/core_ai/memory/test_ham_memory_manager.py::test_03_store_and_recall_generic_data CRITICAL WARNING: MIKO_HAM_KEY environment variable not set.
Encryption/Decryption will NOT be functional. Generating a TEMPORARY, NON-PERSISTENT key for this session only.
DO NOT use this for any real data you want to keep, as it will be lost.
Temporary MIKO_HAM_KEY for this session: 9aXqW4Sa_DnLkgayulO6WoWVxVPMBFryjJSaWWyfeSw=
Core memory file not found. Initializing an empty store and saving.
HAMMemoryManager initialized. Core memory file: D:\Projects\Unified-AI-Project\data\processed_data\test_ham_core_memory.json. Encryption enabled: True
CRITICAL WARNING: MIKO_HAM_KEY environment variable not set.
Encryption/Decryption will NOT be functional. Generating a TEMPORARY, NON-PERSISTENT key for this session only.
DO NOT use this for any real data you want to keep, as it will be lost.
Temporary MIKO_HAM_KEY for this session: ii9HT2m2E1buXcOhEOP27Vk-op6L8eC08LP73pT76dU=
Core memory file not found. Initializing an empty store and saving.
HAMMemoryManager initialized. Core memory file: D:\Projects\Unified-AI-Project\data\processed_data\test_ham_core_memory.json. Encryption enabled: True
CRITICAL WARNING: MIKO_HAM_KEY environment variable not set.
Encryption/Decryption will NOT be functional. Generating a TEMPORARY, NON-PERSISTENT key for this session only.
DO NOT use this for any real data you want to keep, as it will be lost.
Temporary MIKO_HAM_KEY for this session: ThuWNirVGpb7hb5k61Kb22vGTe04fn_MmuyssF8i_oM=
Core memory file not found. Initializing an empty store and saving.
HAMMemoryManager initialized. Core memory file: D:\Projects\Unified-AI-Project\data\processed_data\test_ham_res_aware_memory.json. Encryption enabled: True
CRITICAL WARNING: MIKO_HAM_KEY environment variable not set.
Encryption/Decryption will NOT be functional. Generating a TEMPORARY, NON-PERSISTENT key for this session only.
DO NOT use this for any real data you want to keep, as it will be lost.
Temporary MIKO_HAM_KEY for this session: aCkN9Lux_wadj5I3VTls_qombrZU7aMIXHnf29N5Q5g=
Core memory file not found. Initializing an empty store and saving.
HAMMemoryManager initialized. Core memory file: D:\Projects\Unified-AI-Project\data\processed_data\test_ham_res_aware_memory.json. Encryption enabled: True

Running test_03_store_and_recall_generic_data...
HAM: Storing experience of type 'sensor_reading'
HAM: Stored experience mem_000001
HAM: Recalling gist for memory_id 'mem_000001'
test_03_store_and_recall_generic_data PASSED
PASSED
tests/core_ai/memory/test_ham_memory_manager.py::test_04_persistence CRITICAL WARNING: MIKO_HAM_KEY environment variable not set.
Encryption/Decryption will NOT be functional. Generating a TEMPORARY, NON-PERSISTENT key for this session only.
DO NOT use this for any real data you want to keep, as it will be lost.
Temporary MIKO_HAM_KEY for this session: znNDXlOpYvEdOdeTedckkJ7s8ME5Gap1-7DY2OKfWsQ=
Core memory file not found. Initializing an empty store and saving.
HAMMemoryManager initialized. Core memory file: D:\Projects\Unified-AI-Project\data\processed_data\test_ham_core_memory.json. Encryption enabled: True
CRITICAL WARNING: MIKO_HAM_KEY environment variable not set.
Encryption/Decryption will NOT be functional. Generating a TEMPORARY, NON-PERSISTENT key for this session only.
DO NOT use this for any real data you want to keep, as it will be lost.
Temporary MIKO_HAM_KEY for this session: 6Z8HaialAlFUln1qBv1IfipNxuQLevVsVa1qNBHGwIU=
Core memory file not found. Initializing an empty store and saving.
HAMMemoryManager initialized. Core memory file: D:\Projects\Unified-AI-Project\data\processed_data\test_ham_core_memory.json. Encryption enabled: True
CRITICAL WARNING: MIKO_HAM_KEY environment variable not set.
Encryption/Decryption will NOT be functional. Generating a TEMPORARY, NON-PERSISTENT key for this session only.
DO NOT use this for any real data you want to keep, as it will be lost.
Temporary MIKO_HAM_KEY for this session: 5_LmoQQ7AtZa9j02bK6uVS6mc3dltvbdw1NOn_V_eSU=
Core memory file not found. Initializing an empty store and saving.
HAMMemoryManager initialized. Core memory file: D:\Projects\Unified-AI-Project\data\processed_data\test_ham_res_aware_memory.json. Encryption enabled: True
CRITICAL WARNING: MIKO_HAM_KEY environment variable not set.
Encryption/Decryption will NOT be functional. Generating a TEMPORARY, NON-PERSISTENT key for this session only.
DO NOT use this for any real data you want to keep, as it will be lost.
Temporary MIKO_HAM_KEY for this session: L-dXMnYSmewOAfwxfXPgSDbiQqLASH3kcqUDanSzpDA=
Core memory file not found. Initializing an empty store and saving.
HAMMemoryManager initialized. Core memory file: D:\Projects\Unified-AI-Project\data\processed_data\test_ham_res_aware_memory.json. Encryption enabled: True

Running test_04_persistence...
Core memory loaded from D:\Projects\Unified-AI-Project\data\processed_data\test_ham_core_memory.json. Next ID: 1
HAMMemoryManager initialized. Core memory file: D:\Projects\Unified-AI-Project\data\processed_data\test_ham_core_memory.json. Encryption enabled: True
Core memory file not found. Initializing an empty store and saving.
HAMMemoryManager initialized. Core memory file: D:\Projects\Unified-AI-Project\data\processed_data\test_ham_core_memory.json. Encryption enabled: True
HAM: Storing experience of type 'log_entry'
HAM: Stored experience mem_000001
Core memory loaded from D:\Projects\Unified-AI-Project\data\processed_data\test_ham_core_memory.json. Next ID: 2
HAMMemoryManager initialized. Core memory file: D:\Projects\Unified-AI-Project\data\processed_data\test_ham_core_memory.json. Encryption enabled: True
HAM: Recalling gist for memory_id 'mem_000001'
test_04_persistence PASSED
PASSED
tests/core_ai/memory/test_ham_memory_manager.py::test_05_recall_non_existent_memory CRITICAL WARNING: MIKO_HAM_KEY environment variable not set.
Encryption/Decryption will NOT be functional. Generating a TEMPORARY, NON-PERSISTENT key for this session only.
DO NOT use this for any real data you want to keep, as it will be lost.
Temporary MIKO_HAM_KEY for this session: 8ULXQPlXPF4zMd4rgVxENb4SzbX5w_s4_rSo-nYrXZo=
Core memory file not found. Initializing an empty store and saving.
HAMMemoryManager initialized. Core memory file: D:\Projects\Unified-AI-Project\data\processed_data\test_ham_core_memory.json. Encryption enabled: True
CRITICAL WARNING: MIKO_HAM_KEY environment variable not set.
Encryption/Decryption will NOT be functional. Generating a TEMPORARY, NON-PERSISTENT key for this session only.
DO NOT use this for any real data you want to keep, as it will be lost.
Temporary MIKO_HAM_KEY for this session: dKVe16k3xUd8vX6wSo19YWmwMqJX_6qL-meoPyl1EzM=
Core memory file not found. Initializing an empty store and saving.
HAMMemoryManager initialized. Core memory file: D:\Projects\Unified-AI-Project\data\processed_data\test_ham_core_memory.json. Encryption enabled: True
CRITICAL WARNING: MIKO_HAM_KEY environment variable not set.
Encryption/Decryption will NOT be functional. Generating a TEMPORARY, NON-PERSISTENT key for this session only.
DO NOT use this for any real data you want to keep, as it will be lost.
Temporary MIKO_HAM_KEY for this session: S-oJyIDau2yqQzzbqO4T45Zsprs5wThx9grvjCepvMw=
Core memory file not found. Initializing an empty store and saving.
HAMMemoryManager initialized. Core memory file: D:\Projects\Unified-AI-Project\data\processed_data\test_ham_res_aware_memory.json. Encryption enabled: True
CRITICAL WARNING: MIKO_HAM_KEY environment variable not set.
Encryption/Decryption will NOT be functional. Generating a TEMPORARY, NON-PERSISTENT key for this session only.
DO NOT use this for any real data you want to keep, as it will be lost.
Temporary MIKO_HAM_KEY for this session: fNkBgj6CWtm9xtqTy_c2CfbZg4skplvEas_wPG8ec8M=
Core memory file not found. Initializing an empty store and saving.
HAMMemoryManager initialized. Core memory file: D:\Projects\Unified-AI-Project\data\processed_data\test_ham_res_aware_memory.json. Encryption enabled: True

Running test_05_recall_non_existent_memory...
HAM: Recalling gist for memory_id 'mem_nonexistent'
Error: Memory ID mem_nonexistent not found.
test_05_recall_non_existent_memory PASSED
PASSED
tests/core_ai/memory/test_ham_memory_manager.py::test_06_query_memory_keywords CRITICAL WARNING: MIKO_HAM_KEY environment variable not set.
Encryption/Decryption will NOT be functional. Generating a TEMPORARY, NON-PERSISTENT key for this session only.
DO NOT use this for any real data you want to keep, as it will be lost.
Temporary MIKO_HAM_KEY for this session: zj0DbF-QTAxNKgkKnHThRNWQvWCvn-_v4i5gaW7nGeE=
Core memory file not found. Initializing an empty store and saving.
HAMMemoryManager initialized. Core memory file: D:\Projects\Unified-AI-Project\data\processed_data\test_ham_core_memory.json. Encryption enabled: True
CRITICAL WARNING: MIKO_HAM_KEY environment variable not set.
Encryption/Decryption will NOT be functional. Generating a TEMPORARY, NON-PERSISTENT key for this session only.
DO NOT use this for any real data you want to keep, as it will be lost.
Temporary MIKO_HAM_KEY for this session: GvLax0wpk7qqGZm3ESHkPm5hmQ16AcVzkArAUTJwkP8=
Core memory file not found. Initializing an empty store and saving.
HAMMemoryManager initialized. Core memory file: D:\Projects\Unified-AI-Project\data\processed_data\test_ham_core_memory.json. Encryption enabled: True
CRITICAL WARNING: MIKO_HAM_KEY environment variable not set.
Encryption/Decryption will NOT be functional. Generating a TEMPORARY, NON-PERSISTENT key for this session only.
DO NOT use this for any real data you want to keep, as it will be lost.
Temporary MIKO_HAM_KEY for this session: 8zG8asTNh98zSFMCGi5P0c7BygR0awPdFeYscCS0E8A=
Core memory file not found. Initializing an empty store and saving.
HAMMemoryManager initialized. Core memory file: D:\Projects\Unified-AI-Project\data\processed_data\test_ham_res_aware_memory.json. Encryption enabled: True
CRITICAL WARNING: MIKO_HAM_KEY environment variable not set.
Encryption/Decryption will NOT be functional. Generating a TEMPORARY, NON-PERSISTENT key for this session only.
DO NOT use this for any real data you want to keep, as it will be lost.
Temporary MIKO_HAM_KEY for this session: RvxQW1EiDRKBULIDLzzFNovYvsgtFTRvTpdkF_4koxg=
Core memory file not found. Initializing an empty store and saving.
HAMMemoryManager initialized. Core memory file: D:\Projects\Unified-AI-Project\data\processed_data\test_ham_res_aware_memory.json. Encryption enabled: True

Running test_06_query_memory_keywords...
HAM: Storing experience of type 'dialogue_text'
HAM: Placeholder: Detected English-like text, conceptual POS tags would be generated.
HAM: Stored experience mem_000001
HAM: Storing experience of type 'dialogue_text'
HAM: Placeholder: Detected English-like text, conceptual POS tags would be generated.
HAM: Stored experience mem_000002
HAM: Storing experience of type 'log_entry'
HAM: Stored experience mem_000003
HAM: Querying core memory (type: None, meta_filters: None, keywords: ['weather', 'alice'])
HAM: Recalling gist for memory_id 'mem_000001'
HAM: Query returned 1 results (limit was 5).
HAM: Querying core memory (type: None, meta_filters: None, keywords: ['weather'])
HAM: Recalling gist for memory_id 'mem_000003'
HAM: Recalling gist for memory_id 'mem_000001'
HAM: Query returned 2 results (limit was 5).
test_06_query_memory_keywords PASSED
PASSED
tests/core_ai/memory/test_ham_memory_manager.py::test_07_query_memory_data_type CRITICAL WARNING: MIKO_HAM_KEY environment variable not set.
Encryption/Decryption will NOT be functional. Generating a TEMPORARY, NON-PERSISTENT key for this session only.
DO NOT use this for any real data you want to keep, as it will be lost.
Temporary MIKO_HAM_KEY for this session: tCmQjtVd8uNimDXqdXccQUvNUJahPhYH3JPGD0ZzKPk=
Core memory file not found. Initializing an empty store and saving.
HAMMemoryManager initialized. Core memory file: D:\Projects\Unified-AI-Project\data\processed_data\test_ham_core_memory.json. Encryption enabled: True
CRITICAL WARNING: MIKO_HAM_KEY environment variable not set.
Encryption/Decryption will NOT be functional. Generating a TEMPORARY, NON-PERSISTENT key for this session only.
DO NOT use this for any real data you want to keep, as it will be lost.
Temporary MIKO_HAM_KEY for this session: wFpDe6vjaIGO7GwwGHgogPMjxXkl_77ycz4gaFS9zSI=
Core memory file not found. Initializing an empty store and saving.
HAMMemoryManager initialized. Core memory file: D:\Projects\Unified-AI-Project\data\processed_data\test_ham_core_memory.json. Encryption enabled: True
CRITICAL WARNING: MIKO_HAM_KEY environment variable not set.
Encryption/Decryption will NOT be functional. Generating a TEMPORARY, NON-PERSISTENT key for this session only.
DO NOT use this for any real data you want to keep, as it will be lost.
Temporary MIKO_HAM_KEY for this session: 52kGpy2CWdocTiEijAK8orFFU8fVgLfmM9OkN2u32Hw=
Core memory file not found. Initializing an empty store and saving.
HAMMemoryManager initialized. Core memory file: D:\Projects\Unified-AI-Project\data\processed_data\test_ham_res_aware_memory.json. Encryption enabled: True
CRITICAL WARNING: MIKO_HAM_KEY environment variable not set.
Encryption/Decryption will NOT be functional. Generating a TEMPORARY, NON-PERSISTENT key for this session only.
DO NOT use this for any real data you want to keep, as it will be lost.
Temporary MIKO_HAM_KEY for this session: XvjMW3kkvYxQFccDud1tcdYMcSHIPIk7Tkq0tqig3ls=
Core memory file not found. Initializing an empty store and saving.
HAMMemoryManager initialized. Core memory file: D:\Projects\Unified-AI-Project\data\processed_data\test_ham_res_aware_memory.json. Encryption enabled: True

Running test_07_query_memory_data_type...
HAM: Storing experience of type 'dialogue_text'
HAM: Placeholder: Detected English-like text, conceptual POS tags would be generated.
HAM: Stored experience mem_000001
HAM: Storing experience of type 'log_entry'
HAM: Stored experience mem_000002
HAM: Storing experience of type 'dialogue_text'
HAM: Placeholder: Detected English-like text, conceptual POS tags would be generated.
HAM: Stored experience mem_000003
HAM: Querying core memory (type: dialogue_text, meta_filters: None, keywords: None)
HAM: Recalling gist for memory_id 'mem_000003'
HAM: Recalling gist for memory_id 'mem_000001'
HAM: Query returned 2 results (limit was 10).
test_07_query_memory_data_type PASSED
PASSED
tests/core_ai/memory/test_ham_memory_manager.py::test_08_query_memory_date_range CRITICAL WARNING: MIKO_HAM_KEY environment variable not set.
Encryption/Decryption will NOT be functional. Generating a TEMPORARY, NON-PERSISTENT key for this session only.
DO NOT use this for any real data you want to keep, as it will be lost.
Temporary MIKO_HAM_KEY for this session: 8yj87cvWy8dWOJR5wT5VG4J6BkFf_Q05fksQuWN1oXE=
Core memory file not found. Initializing an empty store and saving.
HAMMemoryManager initialized. Core memory file: D:\Projects\Unified-AI-Project\data\processed_data\test_ham_core_memory.json. Encryption enabled: True
CRITICAL WARNING: MIKO_HAM_KEY environment variable not set.
Encryption/Decryption will NOT be functional. Generating a TEMPORARY, NON-PERSISTENT key for this session only.
DO NOT use this for any real data you want to keep, as it will be lost.
Temporary MIKO_HAM_KEY for this session: Xnt_45GHHlA43nKdXJEI8VHNglL-D-Q23eeR-3Q4agk=
Core memory file not found. Initializing an empty store and saving.
HAMMemoryManager initialized. Core memory file: D:\Projects\Unified-AI-Project\data\processed_data\test_ham_core_memory.json. Encryption enabled: True
CRITICAL WARNING: MIKO_HAM_KEY environment variable not set.
Encryption/Decryption will NOT be functional. Generating a TEMPORARY, NON-PERSISTENT key for this session only.
DO NOT use this for any real data you want to keep, as it will be lost.
Temporary MIKO_HAM_KEY for this session: opMM6UJfdw2E2YxZVfFjzrFUFdACCV7L5NeC5D-ddwQ=
Core memory file not found. Initializing an empty store and saving.
HAMMemoryManager initialized. Core memory file: D:\Projects\Unified-AI-Project\data\processed_data\test_ham_res_aware_memory.json. Encryption enabled: True
CRITICAL WARNING: MIKO_HAM_KEY environment variable not set.
Encryption/Decryption will NOT be functional. Generating a TEMPORARY, NON-PERSISTENT key for this session only.
DO NOT use this for any real data you want to keep, as it will be lost.
Temporary MIKO_HAM_KEY for this session: zPG6aoJJbUgSLYXeV1Hkwdu-nP-PhEV1eT-clKpkUqc=
Core memory file not found. Initializing an empty store and saving.
HAMMemoryManager initialized. Core memory file: D:\Projects\Unified-AI-Project\data\processed_data\test_ham_res_aware_memory.json. Encryption enabled: True

Running test_08_query_memory_date_range...
HAM: Storing experience of type 'event'
HAM: Stored experience mem_000001
HAM: Querying core memory (type: None, meta_filters: None, keywords: None)
HAM: Recalling gist for memory_id 'mem_000001'
HAM: Query returned 1 results (limit was 5).
HAM: Querying core memory (type: None, meta_filters: None, keywords: None)
HAM: Query returned 0 results (limit was 5).
test_08_query_memory_date_range PASSED (basic check)
PASSED
tests/core_ai/memory/test_ham_memory_manager.py::test_09_empty_text_abstraction CRITICAL WARNING: MIKO_HAM_KEY environment variable not set.
Encryption/Decryption will NOT be functional. Generating a TEMPORARY, NON-PERSISTENT key for this session only.
DO NOT use this for any real data you want to keep, as it will be lost.
Temporary MIKO_HAM_KEY for this session: ES_Y_GgTDeKjxvHIxW4iqcLVJxZtC878n3WCtc-25A8=
Core memory file not found. Initializing an empty store and saving.
HAMMemoryManager initialized. Core memory file: D:\Projects\Unified-AI-Project\data\processed_data\test_ham_core_memory.json. Encryption enabled: True
CRITICAL WARNING: MIKO_HAM_KEY environment variable not set.
Encryption/Decryption will NOT be functional. Generating a TEMPORARY, NON-PERSISTENT key for this session only.
DO NOT use this for any real data you want to keep, as it will be lost.
Temporary MIKO_HAM_KEY for this session: sW_U3g2DIevJilZm-tfJfS1k0H1iidaLsSWJIJvEqYA=
Core memory file not found. Initializing an empty store and saving.
HAMMemoryManager initialized. Core memory file: D:\Projects\Unified-AI-Project\data\processed_data\test_ham_core_memory.json. Encryption enabled: True
CRITICAL WARNING: MIKO_HAM_KEY environment variable not set.
Encryption/Decryption will NOT be functional. Generating a TEMPORARY, NON-PERSISTENT key for this session only.
DO NOT use this for any real data you want to keep, as it will be lost.
Temporary MIKO_HAM_KEY for this session: PYGLIC7xcSgg8GOy3wgD48NPZN9Ij_EdApAhje1lsfQ=
Core memory file not found. Initializing an empty store and saving.
HAMMemoryManager initialized. Core memory file: D:\Projects\Unified-AI-Project\data\processed_data\test_ham_res_aware_memory.json. Encryption enabled: True
CRITICAL WARNING: MIKO_HAM_KEY environment variable not set.
Encryption/Decryption will NOT be functional. Generating a TEMPORARY, NON-PERSISTENT key for this session only.
DO NOT use this for any real data you want to keep, as it will be lost.
Temporary MIKO_HAM_KEY for this session: ihoXEaKtxvdE4PsLV6MEOTK4ZoH-plOry2OBOnKzczs=
Core memory file not found. Initializing an empty store and saving.
HAMMemoryManager initialized. Core memory file: D:\Projects\Unified-AI-Project\data\processed_data\test_ham_res_aware_memory.json. Encryption enabled: True

Running test_09_empty_text_abstraction...
HAM: Storing experience of type 'dialogue_text'
HAM: Placeholder: Detected English-like text, conceptual POS tags would be generated.
HAM: Stored experience mem_000001
HAM: Recalling gist for memory_id 'mem_000001'
test_09_empty_text_abstraction PASSED
PASSED
tests/core_ai/memory/test_ham_memory_manager.py::test_10_encryption_decryption CRITICAL WARNING: MIKO_HAM_KEY environment variable not set.
Encryption/Decryption will NOT be functional. Generating a TEMPORARY, NON-PERSISTENT key for this session only.
DO NOT use this for any real data you want to keep, as it will be lost.
Temporary MIKO_HAM_KEY for this session: lyKi_LLD8MMdrye4zdRcgdJZxE7jgjut33u9H_B_Yls=
Core memory file not found. Initializing an empty store and saving.
HAMMemoryManager initialized. Core memory file: D:\Projects\Unified-AI-Project\data\processed_data\test_ham_core_memory.json. Encryption enabled: True
CRITICAL WARNING: MIKO_HAM_KEY environment variable not set.
Encryption/Decryption will NOT be functional. Generating a TEMPORARY, NON-PERSISTENT key for this session only.
DO NOT use this for any real data you want to keep, as it will be lost.
Temporary MIKO_HAM_KEY for this session: mbMyJ5Vim5RXKmY_tUsZjz_X0Q-wtj9HfwbzdwseQJ0=
Core memory file not found. Initializing an empty store and saving.
HAMMemoryManager initialized. Core memory file: D:\Projects\Unified-AI-Project\data\processed_data\test_ham_core_memory.json. Encryption enabled: True
CRITICAL WARNING: MIKO_HAM_KEY environment variable not set.
Encryption/Decryption will NOT be functional. Generating a TEMPORARY, NON-PERSISTENT key for this session only.
DO NOT use this for any real data you want to keep, as it will be lost.
Temporary MIKO_HAM_KEY for this session: 9E7zRXQJb54CGNKN1vh2S-Tpm7XHKFIc0a51s8UAfT4=
Core memory file not found. Initializing an empty store and saving.
HAMMemoryManager initialized. Core memory file: D:\Projects\Unified-AI-Project\data\processed_data\test_ham_res_aware_memory.json. Encryption enabled: True
CRITICAL WARNING: MIKO_HAM_KEY environment variable not set.
Encryption/Decryption will NOT be functional. Generating a TEMPORARY, NON-PERSISTENT key for this session only.
DO NOT use this for any real data you want to keep, as it will be lost.
Temporary MIKO_HAM_KEY for this session: YYkRAAh51a6M3uuwi_kPtsmgzbAIwHrPMOdEDpAPtw0=
Core memory file not found. Initializing an empty store and saving.
HAMMemoryManager initialized. Core memory file: D:\Projects\Unified-AI-Project\data\processed_data\test_ham_res_aware_memory.json. Encryption enabled: True

Running test_10_encryption_decryption...
test_10_encryption_decryption PASSED
PASSED
tests/core_ai/memory/test_ham_memory_manager.py::test_11_checksum_verification CRITICAL WARNING: MIKO_HAM_KEY environment variable not set.
Encryption/Decryption will NOT be functional. Generating a TEMPORARY, NON-PERSISTENT key for this session only.
DO NOT use this for any real data you want to keep, as it will be lost.
Temporary MIKO_HAM_KEY for this session: YedenJyVFwF2hWTc40t5hEW6NCuHzVL6H5gC0MvwqNk=
Core memory file not found. Initializing an empty store and saving.
HAMMemoryManager initialized. Core memory file: D:\Projects\Unified-AI-Project\data\processed_data\test_ham_core_memory.json. Encryption enabled: True
CRITICAL WARNING: MIKO_HAM_KEY environment variable not set.
Encryption/Decryption will NOT be functional. Generating a TEMPORARY, NON-PERSISTENT key for this session only.
DO NOT use this for any real data you want to keep, as it will be lost.
Temporary MIKO_HAM_KEY for this session: YS4NsWVPXZc8RmtONh0wVRIZLYeG0G6KsZYfgz4fegg=
Core memory file not found. Initializing an empty store and saving.
HAMMemoryManager initialized. Core memory file: D:\Projects\Unified-AI-Project\data\processed_data\test_ham_core_memory.json. Encryption enabled: True
CRITICAL WARNING: MIKO_HAM_KEY environment variable not set.
Encryption/Decryption will NOT be functional. Generating a TEMPORARY, NON-PERSISTENT key for this session only.
DO NOT use this for any real data you want to keep, as it will be lost.
Temporary MIKO_HAM_KEY for this session: r4EFzCsfqeQNp1kTvxKovLxx97ZLYlC8AhCoJTycDU8=
Core memory file not found. Initializing an empty store and saving.
HAMMemoryManager initialized. Core memory file: D:\Projects\Unified-AI-Project\data\processed_data\test_ham_res_aware_memory.json. Encryption enabled: True
CRITICAL WARNING: MIKO_HAM_KEY environment variable not set.
Encryption/Decryption will NOT be functional. Generating a TEMPORARY, NON-PERSISTENT key for this session only.
DO NOT use this for any real data you want to keep, as it will be lost.
Temporary MIKO_HAM_KEY for this session: 80lyb5BdPsbxBREqWqnqDXWfthAXeiJfV5eycT_Va1c=
Core memory file not found. Initializing an empty store and saving.
HAMMemoryManager initialized. Core memory file: D:\Projects\Unified-AI-Project\data\processed_data\test_ham_res_aware_memory.json. Encryption enabled: True

Running test_11_checksum_verification...
HAM: Storing experience of type 'dialogue_text'
HAM: Placeholder: Detected English-like text, conceptual POS tags would be generated.
HAM: Stored experience mem_000001
test_11_checksum_verification PASSED (mismatch test depends on encryption state)
PASSED
tests/core_ai/memory/test_ham_memory_manager.py::test_12_advanced_text_abstraction_placeholders CRITICAL WARNING: MIKO_HAM_KEY environment variable not set.
Encryption/Decryption will NOT be functional. Generating a TEMPORARY, NON-PERSISTENT key for this session only.
DO NOT use this for any real data you want to keep, as it will be lost.
Temporary MIKO_HAM_KEY for this session: NWOyEy7qbByWS8DhQK7H7pFB1cGbLPlLAB8rPczCmV0=
Core memory file not found. Initializing an empty store and saving.
HAMMemoryManager initialized. Core memory file: D:\Projects\Unified-AI-Project\data\processed_data\test_ham_core_memory.json. Encryption enabled: True
CRITICAL WARNING: MIKO_HAM_KEY environment variable not set.
Encryption/Decryption will NOT be functional. Generating a TEMPORARY, NON-PERSISTENT key for this session only.
DO NOT use this for any real data you want to keep, as it will be lost.
Temporary MIKO_HAM_KEY for this session: F6JzwLmveiJ8Kb8fwE2OlMetwWe1_BvOxGo3b5geeEY=
Core memory file not found. Initializing an empty store and saving.
HAMMemoryManager initialized. Core memory file: D:\Projects\Unified-AI-Project\data\processed_data\test_ham_core_memory.json. Encryption enabled: True
CRITICAL WARNING: MIKO_HAM_KEY environment variable not set.
Encryption/Decryption will NOT be functional. Generating a TEMPORARY, NON-PERSISTENT key for this session only.
DO NOT use this for any real data you want to keep, as it will be lost.
Temporary MIKO_HAM_KEY for this session: B-O1VMX7PwiXjGJJer3O2imkikt33Ed1WZMHoSwaqpU=
Core memory file not found. Initializing an empty store and saving.
HAMMemoryManager initialized. Core memory file: D:\Projects\Unified-AI-Project\data\processed_data\test_ham_res_aware_memory.json. Encryption enabled: True
CRITICAL WARNING: MIKO_HAM_KEY environment variable not set.
Encryption/Decryption will NOT be functional. Generating a TEMPORARY, NON-PERSISTENT key for this session only.
DO NOT use this for any real data you want to keep, as it will be lost.
Temporary MIKO_HAM_KEY for this session: Csr5LSbP7FW4URTYiXqupuBNitDhBu4AbilgiO110zY=
Core memory file not found. Initializing an empty store and saving.
HAMMemoryManager initialized. Core memory file: D:\Projects\Unified-AI-Project\data\processed_data\test_ham_res_aware_memory.json. Encryption enabled: True

Running test_12_advanced_text_abstraction_placeholders...
HAM: Storing experience of type 'user_dialogue_text'
HAM: Placeholder: Detected English-like text, conceptual POS tags would be generated.
HAM: Stored experience mem_000001
HAM: Recalling gist for memory_id 'mem_000001'
Core memory file not found. Initializing an empty store and saving.
HAM: Storing experience of type 'user_dialogue_text'
HAM: Placeholder: Detected Chinese-like text, conceptual radicals would be extracted.
HAM: Stored experience mem_000001
HAM: Recalling gist for memory_id 'mem_000001'
test_12_advanced_text_abstraction_placeholders PASSED
PASSED
tests/core_ai/memory/test_ham_memory_manager.py::test_13_store_experience_simulated_disk_full CRITICAL WARNING: MIKO_HAM_KEY environment variable not set.
Encryption/Decryption will NOT be functional. Generating a TEMPORARY, NON-PERSISTENT key for this session only.
DO NOT use this for any real data you want to keep, as it will be lost.
Temporary MIKO_HAM_KEY for this session: bZW-CpYK-KtYno9uM1Jr8YrkAqgU2XWzvDJTcFy2wek=
Core memory file not found. Initializing an empty store and saving.
HAMMemoryManager initialized. Core memory file: D:\Projects\Unified-AI-Project\data\processed_data\test_ham_core_memory.json. Encryption enabled: True
CRITICAL WARNING: MIKO_HAM_KEY environment variable not set.
Encryption/Decryption will NOT be functional. Generating a TEMPORARY, NON-PERSISTENT key for this session only.
DO NOT use this for any real data you want to keep, as it will be lost.
Temporary MIKO_HAM_KEY for this session: qHXSy9650U9zXk0dZZGeNtlKcwJtJfFsQXU2A7T_k5Q=
Core memory file not found. Initializing an empty store and saving.
HAMMemoryManager initialized. Core memory file: D:\Projects\Unified-AI-Project\data\processed_data\test_ham_core_memory.json. Encryption enabled: True
CRITICAL WARNING: MIKO_HAM_KEY environment variable not set.
Encryption/Decryption will NOT be functional. Generating a TEMPORARY, NON-PERSISTENT key for this session only.
DO NOT use this for any real data you want to keep, as it will be lost.
Temporary MIKO_HAM_KEY for this session: hti5pfpbErdcYm01oXZoz4NYkEOcJfbBIYTlUAzvVQI=
Core memory file not found. Initializing an empty store and saving.
HAMMemoryManager initialized. Core memory file: D:\Projects\Unified-AI-Project\data\processed_data\test_ham_res_aware_memory.json. Encryption enabled: True
CRITICAL WARNING: MIKO_HAM_KEY environment variable not set.
Encryption/Decryption will NOT be functional. Generating a TEMPORARY, NON-PERSISTENT key for this session only.
DO NOT use this for any real data you want to keep, as it will be lost.
Temporary MIKO_HAM_KEY for this session: NiOebZ8-d2_U8_vxnArSbNlH39LXcEh3dB5ObXBsMIU=
Core memory file not found. Initializing an empty store and saving.
HAMMemoryManager initialized. Core memory file: D:\Projects\Unified-AI-Project\data\processed_data\test_ham_res_aware_memory.json. Encryption enabled: True

Running test_13_store_experience_simulated_disk_full...
HAM: Storing experience of type 'test_data_disk_full'
HAM: CRITICAL - Simulated disk full! Usage: 1.00GB, Limit: 1.00GB. Save operation aborted.
HAM: Failed to save core memory to file for experience mem_000001. Reverting in-memory store for this item.
test_13_store_experience_simulated_disk_full PASSED
PASSED
tests/core_ai/memory/test_ham_memory_manager.py::test_14_store_experience_simulated_lag_warning CRITICAL WARNING: MIKO_HAM_KEY environment variable not set.
Encryption/Decryption will NOT be functional. Generating a TEMPORARY, NON-PERSISTENT key for this session only.
DO NOT use this for any real data you want to keep, as it will be lost.
Temporary MIKO_HAM_KEY for this session: YxmeEJgzuxgce-SyeNyPiZZjC7fZLkXkbNCH90nwCY8=
Core memory file not found. Initializing an empty store and saving.
HAMMemoryManager initialized. Core memory file: D:\Projects\Unified-AI-Project\data\processed_data\test_ham_core_memory.json. Encryption enabled: True
CRITICAL WARNING: MIKO_HAM_KEY environment variable not set.
Encryption/Decryption will NOT be functional. Generating a TEMPORARY, NON-PERSISTENT key for this session only.
DO NOT use this for any real data you want to keep, as it will be lost.
Temporary MIKO_HAM_KEY for this session: 6ff3CP18OjZHWOzPr5NsKWDYtuzaOntfR_XMy445jng=
Core memory file not found. Initializing an empty store and saving.
HAMMemoryManager initialized. Core memory file: D:\Projects\Unified-AI-Project\data\processed_data\test_ham_core_memory.json. Encryption enabled: True
CRITICAL WARNING: MIKO_HAM_KEY environment variable not set.
Encryption/Decryption will NOT be functional. Generating a TEMPORARY, NON-PERSISTENT key for this session only.
DO NOT use this for any real data you want to keep, as it will be lost.
Temporary MIKO_HAM_KEY for this session: T0idJBH4238Wc0m5_z7cfrxNhVgMl7HNEjSR1wMQ2aA=
Core memory file not found. Initializing an empty store and saving.
HAMMemoryManager initialized. Core memory file: D:\Projects\Unified-AI-Project\data\processed_data\test_ham_res_aware_memory.json. Encryption enabled: True
CRITICAL WARNING: MIKO_HAM_KEY environment variable not set.
Encryption/Decryption will NOT be functional. Generating a TEMPORARY, NON-PERSISTENT key for this session only.
DO NOT use this for any real data you want to keep, as it will be lost.
Temporary MIKO_HAM_KEY for this session: tPowLj3Xa1x0MXcmKyp7m4GXc4hyZuekUuRepFX_qwo=
Core memory file not found. Initializing an empty store and saving.
HAMMemoryManager initialized. Core memory file: D:\Projects\Unified-AI-Project\data\processed_data\test_ham_res_aware_memory.json. Encryption enabled: True

Running test_14_store_experience_simulated_lag_warning...
test_14_store_experience_simulated_lag_warning PASSED
PASSED
tests/core_ai/memory/test_ham_memory_manager.py::test_15_store_experience_simulated_lag_critical CRITICAL WARNING: MIKO_HAM_KEY environment variable not set.
Encryption/Decryption will NOT be functional. Generating a TEMPORARY, NON-PERSISTENT key for this session only.
DO NOT use this for any real data you want to keep, as it will be lost.
Temporary MIKO_HAM_KEY for this session: JJlQHMJDXki1xor2VzRgzB1HVV8O94pAohNtg_8nAlY=
Core memory file not found. Initializing an empty store and saving.
HAMMemoryManager initialized. Core memory file: D:\Projects\Unified-AI-Project\data\processed_data\test_ham_core_memory.json. Encryption enabled: True
CRITICAL WARNING: MIKO_HAM_KEY environment variable not set.
Encryption/Decryption will NOT be functional. Generating a TEMPORARY, NON-PERSISTENT key for this session only.
DO NOT use this for any real data you want to keep, as it will be lost.
Temporary MIKO_HAM_KEY for this session: D2yxG7BVH_HgyJyiS8JqFa7X-qTtO0vEv1C2anNQWgQ=
Core memory file not found. Initializing an empty store and saving.
HAMMemoryManager initialized. Core memory file: D:\Projects\Unified-AI-Project\data\processed_data\test_ham_core_memory.json. Encryption enabled: True
CRITICAL WARNING: MIKO_HAM_KEY environment variable not set.
Encryption/Decryption will NOT be functional. Generating a TEMPORARY, NON-PERSISTENT key for this session only.
DO NOT use this for any real data you want to keep, as it will be lost.
Temporary MIKO_HAM_KEY for this session: Pbi55glrBbZw0dom0FsuDDw0feFfQzd72su8QzFWZ70=
Core memory file not found. Initializing an empty store and saving.
HAMMemoryManager initialized. Core memory file: D:\Projects\Unified-AI-Project\data\processed_data\test_ham_res_aware_memory.json. Encryption enabled: True
CRITICAL WARNING: MIKO_HAM_KEY environment variable not set.
Encryption/Decryption will NOT be functional. Generating a TEMPORARY, NON-PERSISTENT key for this session only.
DO NOT use this for any real data you want to keep, as it will be lost.
Temporary MIKO_HAM_KEY for this session: o_0gHAIxmZ9Q8OTKWlevuWeVhe9V-7AGLIuovwHVyAE=
Core memory file not found. Initializing an empty store and saving.
HAMMemoryManager initialized. Core memory file: D:\Projects\Unified-AI-Project\data\processed_data\test_ham_res_aware_memory.json. Encryption enabled: True

Running test_15_store_experience_simulated_lag_critical...
test_15_store_experience_simulated_lag_critical PASSED
PASSED
tests/core_ai/memory/test_ham_memory_manager.py::test_16_get_current_disk_usage_gb CRITICAL WARNING: MIKO_HAM_KEY environment variable not set.
Encryption/Decryption will NOT be functional. Generating a TEMPORARY, NON-PERSISTENT key for this session only.
DO NOT use this for any real data you want to keep, as it will be lost.
Temporary MIKO_HAM_KEY for this session: eEXmt9ooQApqEdwjewaJwJm2O_OEIhVskkuWPPj4CeQ=
Core memory file not found. Initializing an empty store and saving.
HAMMemoryManager initialized. Core memory file: D:\Projects\Unified-AI-Project\data\processed_data\test_ham_core_memory.json. Encryption enabled: True
CRITICAL WARNING: MIKO_HAM_KEY environment variable not set.
Encryption/Decryption will NOT be functional. Generating a TEMPORARY, NON-PERSISTENT key for this session only.
DO NOT use this for any real data you want to keep, as it will be lost.
Temporary MIKO_HAM_KEY for this session: SlDWlwKjytRo2gHDKwuy4qlpAoyJ9kjs3nzwVrDzwaI=
Core memory file not found. Initializing an empty store and saving.
HAMMemoryManager initialized. Core memory file: D:\Projects\Unified-AI-Project\data\processed_data\test_ham_core_memory.json. Encryption enabled: True
CRITICAL WARNING: MIKO_HAM_KEY environment variable not set.
Encryption/Decryption will NOT be functional. Generating a TEMPORARY, NON-PERSISTENT key for this session only.
DO NOT use this for any real data you want to keep, as it will be lost.
Temporary MIKO_HAM_KEY for this session: SKoK4G3RkUUtUE_u1tEBv1-6O__eWkKviS7e4KBsSAI=
Core memory file not found. Initializing an empty store and saving.
HAMMemoryManager initialized. Core memory file: D:\Projects\Unified-AI-Project\data\processed_data\test_ham_res_aware_memory.json. Encryption enabled: True
CRITICAL WARNING: MIKO_HAM_KEY environment variable not set.
Encryption/Decryption will NOT be functional. Generating a TEMPORARY, NON-PERSISTENT key for this session only.
DO NOT use this for any real data you want to keep, as it will be lost.
Temporary MIKO_HAM_KEY for this session: Jr7yOYzrR9xO4gPjTSYd4GfKcSCoJAXQK5Zd6KG-zIQ=
Core memory file not found. Initializing an empty store and saving.
HAMMemoryManager initialized. Core memory file: D:\Projects\Unified-AI-Project\data\processed_data\test_ham_res_aware_memory.json. Encryption enabled: True

Running test_16_get_current_disk_usage_gb...
HAM: Storing experience of type 'test_file_size'
HAM: Stored experience mem_000001
test_16_get_current_disk_usage_gb PASSED
PASSED
tests/core_ai/memory/test_ham_memory_manager.py::test_17_query_core_memory_return_multiple_candidates CRITICAL WARNING: MIKO_HAM_KEY environment variable not set.
Encryption/Decryption will NOT be functional. Generating a TEMPORARY, NON-PERSISTENT key for this session only.
DO NOT use this for any real data you want to keep, as it will be lost.
Temporary MIKO_HAM_KEY for this session: bUgrQfV2bsPLnRScJeXZbb5HIcqOYoc6KaNC04XTecY=
Core memory file not found. Initializing an empty store and saving.
HAMMemoryManager initialized. Core memory file: D:\Projects\Unified-AI-Project\data\processed_data\test_ham_core_memory.json. Encryption enabled: True
CRITICAL WARNING: MIKO_HAM_KEY environment variable not set.
Encryption/Decryption will NOT be functional. Generating a TEMPORARY, NON-PERSISTENT key for this session only.
DO NOT use this for any real data you want to keep, as it will be lost.
Temporary MIKO_HAM_KEY for this session: RJGCAvU_dH626qvf0wHes7lRrKf-5b2O7yoHNz0n3Wc=
Core memory file not found. Initializing an empty store and saving.
HAMMemoryManager initialized. Core memory file: D:\Projects\Unified-AI-Project\data\processed_data\test_ham_core_memory.json. Encryption enabled: True
CRITICAL WARNING: MIKO_HAM_KEY environment variable not set.
Encryption/Decryption will NOT be functional. Generating a TEMPORARY, NON-PERSISTENT key for this session only.
DO NOT use this for any real data you want to keep, as it will be lost.
Temporary MIKO_HAM_KEY for this session: defq11mr4JkfrtXd0p4Qc_O-tvAP8cq4Uml7-3F4yf8=
Core memory file not found. Initializing an empty store and saving.
HAMMemoryManager initialized. Core memory file: D:\Projects\Unified-AI-Project\data\processed_data\test_ham_res_aware_memory.json. Encryption enabled: True
CRITICAL WARNING: MIKO_HAM_KEY environment variable not set.
Encryption/Decryption will NOT be functional. Generating a TEMPORARY, NON-PERSISTENT key for this session only.
DO NOT use this for any real data you want to keep, as it will be lost.
Temporary MIKO_HAM_KEY for this session: HtyYtQpIU60BqPsMcX8xORdLqXLHH_N99IF8w6lI750=
Core memory file not found. Initializing an empty store and saving.
HAMMemoryManager initialized. Core memory file: D:\Projects\Unified-AI-Project\data\processed_data\test_ham_res_aware_memory.json. Encryption enabled: True

Running test_17_query_core_memory_return_multiple_candidates...
HAM: Storing experience of type 'candidate_test'
HAM: Stored experience mem_000001
HAM: Storing experience of type 'candidate_test'
HAM: Stored experience mem_000002
HAM: Storing experience of type 'candidate_test'
HAM: Stored experience mem_000003
HAM: Storing experience of type 'candidate_test'
HAM: Stored experience mem_000004
HAM: Storing experience of type 'candidate_test'
HAM: Stored experience mem_000005
HAM: Storing experience of type 'candidate_test'
HAM: Stored experience mem_000006
HAM: Storing experience of type 'candidate_test'
HAM: Stored experience mem_000007
HAM: Storing experience of type 'candidate_test'
HAM: Stored experience mem_000008
HAM: Storing experience of type 'candidate_test'
HAM: Stored experience mem_000009
HAM: Storing experience of type 'candidate_test'
HAM: Stored experience mem_000010
HAM: Querying core memory (type: candidate_test, meta_filters: None, keywords: None)
HAM: Recalling gist for memory_id 'mem_000010'
HAM: Recalling gist for memory_id 'mem_000009'
HAM: Recalling gist for memory_id 'mem_000008'
HAM: Recalling gist for memory_id 'mem_000007'
HAM: Recalling gist for memory_id 'mem_000006'
HAM: Recalling gist for memory_id 'mem_000005'
HAM: Recalling gist for memory_id 'mem_000004'
HAM: Recalling gist for memory_id 'mem_000003'
HAM: Recalling gist for memory_id 'mem_000002'
HAM: Recalling gist for memory_id 'mem_000001'
test_17_query_core_memory_return_multiple_candidates PASSED
PASSED
tests/core_ai/memory/test_ham_memory_manager.py::test_18_encryption_failure CRITICAL WARNING: MIKO_HAM_KEY environment variable not set.
Encryption/Decryption will NOT be functional. Generating a TEMPORARY, NON-PERSISTENT key for this session only.
DO NOT use this for any real data you want to keep, as it will be lost.
Temporary MIKO_HAM_KEY for this session: A6cN_vaFCLjpjxd0pFOJUVJsCJTd-m0pljsJVqVMxYE=
Core memory file not found. Initializing an empty store and saving.
HAMMemoryManager initialized. Core memory file: D:\Projects\Unified-AI-Project\data\processed_data\test_ham_core_memory.json. Encryption enabled: True
CRITICAL WARNING: MIKO_HAM_KEY environment variable not set.
Encryption/Decryption will NOT be functional. Generating a TEMPORARY, NON-PERSISTENT key for this session only.
DO NOT use this for any real data you want to keep, as it will be lost.
Temporary MIKO_HAM_KEY for this session: BJ-B9Zo-QrVJF4MSJ5JjoUjmdbtkvH_F6iBVh0ULwaY=
Core memory file not found. Initializing an empty store and saving.
HAMMemoryManager initialized. Core memory file: D:\Projects\Unified-AI-Project\data\processed_data\test_ham_core_memory.json. Encryption enabled: True
CRITICAL WARNING: MIKO_HAM_KEY environment variable not set.
Encryption/Decryption will NOT be functional. Generating a TEMPORARY, NON-PERSISTENT key for this session only.
DO NOT use this for any real data you want to keep, as it will be lost.
Temporary MIKO_HAM_KEY for this session: on2OwZQKiVJREOhlyfRBaz8xtcxefnnKdmDcFVNUl1A=
Core memory file not found. Initializing an empty store and saving.
HAMMemoryManager initialized. Core memory file: D:\Projects\Unified-AI-Project\data\processed_data\test_ham_res_aware_memory.json. Encryption enabled: True
CRITICAL WARNING: MIKO_HAM_KEY environment variable not set.
Encryption/Decryption will NOT be functional. Generating a TEMPORARY, NON-PERSISTENT key for this session only.
DO NOT use this for any real data you want to keep, as it will be lost.
Temporary MIKO_HAM_KEY for this session: -1rNqeoRjA42ZnjxRRsPeSAdmcTkT9hW3RupU7IEFjU=
Core memory file not found. Initializing an empty store and saving.
HAMMemoryManager initialized. Core memory file: D:\Projects\Unified-AI-Project\data\processed_data\test_ham_res_aware_memory.json. Encryption enabled: True

Running test_18_encryption_failure...
HAM: Storing experience of type 'test_type'
Error during SL processing (compress/encrypt/checksum): Encryption failed
FAILED
tests/core_ai/memory/test_ham_memory_manager.py::test_19_disk_full_handling CRITICAL WARNING: MIKO_HAM_KEY environment variable not set.
Encryption/Decryption will NOT be functional. Generating a TEMPORARY, NON-PERSISTENT key for this session only.
DO NOT use this for any real data you want to keep, as it will be lost.
Temporary MIKO_HAM_KEY for this session: N8FPRNNEhFr_sfZ_3BI8NnX6u-kJqLBhaMU01htAvwk=
Core memory file not found. Initializing an empty store and saving.
HAMMemoryManager initialized. Core memory file: D:\Projects\Unified-AI-Project\data\processed_data\test_ham_core_memory.json. Encryption enabled: True
CRITICAL WARNING: MIKO_HAM_KEY environment variable not set.
Encryption/Decryption will NOT be functional. Generating a TEMPORARY, NON-PERSISTENT key for this session only.
DO NOT use this for any real data you want to keep, as it will be lost.
Temporary MIKO_HAM_KEY for this session: fma6Ik6y1lR1bktk_nvz2adMe-CnFpVkK0FdpiSacfA=
Core memory file not found. Initializing an empty store and saving.
HAMMemoryManager initialized. Core memory file: D:\Projects\Unified-AI-Project\data\processed_data\test_ham_core_memory.json. Encryption enabled: True
CRITICAL WARNING: MIKO_HAM_KEY environment variable not set.
Encryption/Decryption will NOT be functional. Generating a TEMPORARY, NON-PERSISTENT key for this session only.
DO NOT use this for any real data you want to keep, as it will be lost.
Temporary MIKO_HAM_KEY for this session: 2kbxbKGB23pQ9veAO4w5L4HyA9NyoVyohbbwC5SZoSE=
Core memory file not found. Initializing an empty store and saving.
HAMMemoryManager initialized. Core memory file: D:\Projects\Unified-AI-Project\data\processed_data\test_ham_res_aware_memory.json. Encryption enabled: True
CRITICAL WARNING: MIKO_HAM_KEY environment variable not set.
Encryption/Decryption will NOT be functional. Generating a TEMPORARY, NON-PERSISTENT key for this session only.
DO NOT use this for any real data you want to keep, as it will be lost.
Temporary MIKO_HAM_KEY for this session: j-w7rg64yQqdgyxVNJFgiVueCrePkOfqJG7ttgEq_UY=
Core memory file not found. Initializing an empty store and saving.
HAMMemoryManager initialized. Core memory file: D:\Projects\Unified-AI-Project\data\processed_data\test_ham_res_aware_memory.json. Encryption enabled: True

Running test_19_disk_full_handling...
HAM: Storing experience of type 'test_type'
HAM: Stored experience mem_000001
FAILED
tests/core_ai/memory/test_ham_memory_manager.py::test_20_delete_old_experiences CRITICAL WARNING: MIKO_HAM_KEY environment variable not set.
Encryption/Decryption will NOT be functional. Generating a TEMPORARY, NON-PERSISTENT key for this session only.
DO NOT use this for any real data you want to keep, as it will be lost.
Temporary MIKO_HAM_KEY for this session: xOCSXDjr1UoQgyXxAAB16RS_PaAmwuG4-o9GRzFKRLk=
Core memory file not found. Initializing an empty store and saving.
HAMMemoryManager initialized. Core memory file: D:\Projects\Unified-AI-Project\data\processed_data\test_ham_core_memory.json. Encryption enabled: True
CRITICAL WARNING: MIKO_HAM_KEY environment variable not set.
Encryption/Decryption will NOT be functional. Generating a TEMPORARY, NON-PERSISTENT key for this session only.
DO NOT use this for any real data you want to keep, as it will be lost.
Temporary MIKO_HAM_KEY for this session: REcj2k3w0W58VlizUb9BCaRpOniiCiaQ4CEK3LfuCaQ=
Core memory file not found. Initializing an empty store and saving.
HAMMemoryManager initialized. Core memory file: D:\Projects\Unified-AI-Project\data\processed_data\test_ham_core_memory.json. Encryption enabled: True
CRITICAL WARNING: MIKO_HAM_KEY environment variable not set.
Encryption/Decryption will NOT be functional. Generating a TEMPORARY, NON-PERSISTENT key for this session only.
DO NOT use this for any real data you want to keep, as it will be lost.
Temporary MIKO_HAM_KEY for this session: N7CCEKusGH1QGkLLfxTFY6K6RSCvdJ9J1O387O4ZF7U=
Core memory file not found. Initializing an empty store and saving.
HAMMemoryManager initialized. Core memory file: D:\Projects\Unified-AI-Project\data\processed_data\test_ham_res_aware_memory.json. Encryption enabled: True
CRITICAL WARNING: MIKO_HAM_KEY environment variable not set.
Encryption/Decryption will NOT be functional. Generating a TEMPORARY, NON-PERSISTENT key for this session only.
DO NOT use this for any real data you want to keep, as it will be lost.
Temporary MIKO_HAM_KEY for this session: 5WkcaDKnThrMC0jSMJWQzKmNUP1Q1jN0Yqs603n-9h8=
Core memory file not found. Initializing an empty store and saving.
HAMMemoryManager initialized. Core memory file: D:\Projects\Unified-AI-Project\data\processed_data\test_ham_res_aware_memory.json. Encryption enabled: True

Running test_20_delete_old_experiences...
HAM: Storing experience of type 'test_type'
HAM: Stored experience mem_000001
HAM: Storing experience of type 'test_type'
HAM: Stored experience mem_000002
HAM: Storing experience of type 'test_type'
HAM: Stored experience mem_000003
HAM: Storing experience of type 'test_type'
HAM: Stored experience mem_000004
HAM: Storing experience of type 'test_type'
HAM: Stored experience mem_000005
+++++++++++++++++++++++++++++++++++ Timeout +++++++++++++++++++++++++++++++++++
~~~~~~~~~~~~~~~~~~~~~~~~~ Stack of MainThread (4780) ~~~~~~~~~~~~~~~~~~~~~~~~~~
  File "<frozen runpy>", line 198, in _run_module_as_main
  File "<frozen runpy>", line 88, in _run_code
  File "C:\Users\catai\AppData\Local\Programs\Python\Python312\Lib\site-packages\pytest\__main__.py", line 9, in <module>
    raise SystemExit(pytest.console_main())
  File "C:\Users\catai\AppData\Local\Programs\Python\Python312\Lib\site-packages\_pytest\config\__init__.py", line 201, in console_main
    code = main()
  File "C:\Users\catai\AppData\Local\Programs\Python\Python312\Lib\site-packages\_pytest\config\__init__.py", line 175, in main
    ret: ExitCode | int = config.hook.pytest_cmdline_main(config=config)
  File "C:\Users\catai\AppData\Local\Programs\Python\Python312\Lib\site-packages\pluggy\_hooks.py", line 512, in __call__
    return self._hookexec(self.name, self._hookimpls.copy(), kwargs, firstresult)
  File "C:\Users\catai\AppData\Local\Programs\Python\Python312\Lib\site-packages\pluggy\_manager.py", line 120, in _hookexec
    return self._inner_hookexec(hook_name, methods, kwargs, firstresult)
  File "C:\Users\catai\AppData\Local\Programs\Python\Python312\Lib\site-packages\pluggy\_callers.py", line 121, in _multicall
    res = hook_impl.function(*args)
  File "C:\Users\catai\AppData\Local\Programs\Python\Python312\Lib\site-packages\_pytest\main.py", line 336, in pytest_cmdline_main
    return wrap_session(config, _main)
  File "C:\Users\catai\AppData\Local\Programs\Python\Python312\Lib\site-packages\_pytest\main.py", line 289, in wrap_session
    session.exitstatus = doit(config, session) or 0
  File "C:\Users\catai\AppData\Local\Programs\Python\Python312\Lib\site-packages\_pytest\main.py", line 343, in _main
    config.hook.pytest_runtestloop(session=session)
  File "C:\Users\catai\AppData\Local\Programs\Python\Python312\Lib\site-packages\pluggy\_hooks.py", line 512, in __call__
    return self._hookexec(self.name, self._hookimpls.copy(), kwargs, firstresult)
  File "C:\Users\catai\AppData\Local\Programs\Python\Python312\Lib\site-packages\pluggy\_manager.py", line 120, in _hookexec
    return self._inner_hookexec(hook_name, methods, kwargs, firstresult)
  File "C:\Users\catai\AppData\Local\Programs\Python\Python312\Lib\site-packages\pluggy\_callers.py", line 121, in _multicall
    res = hook_impl.function(*args)
  File "C:\Users\catai\AppData\Local\Programs\Python\Python312\Lib\site-packages\_pytest\main.py", line 367, in pytest_runtestloop
    item.config.hook.pytest_runtest_protocol(item=item, nextitem=nextitem)
  File "C:\Users\catai\AppData\Local\Programs\Python\Python312\Lib\site-packages\pluggy\_hooks.py", line 512, in __call__
    return self._hookexec(self.name, self._hookimpls.copy(), kwargs, firstresult)
  File "C:\Users\catai\AppData\Local\Programs\Python\Python312\Lib\site-packages\pluggy\_manager.py", line 120, in _hookexec
    return self._inner_hookexec(hook_name, methods, kwargs, firstresult)
  File "C:\Users\catai\AppData\Local\Programs\Python\Python312\Lib\site-packages\pluggy\_callers.py", line 121, in _multicall
    res = hook_impl.function(*args)
  File "C:\Users\catai\AppData\Local\Programs\Python\Python312\Lib\site-packages\_pytest\runner.py", line 117, in pytest_runtest_protocol
    runtestprotocol(item, nextitem=nextitem)
  File "C:\Users\catai\AppData\Local\Programs\Python\Python312\Lib\site-packages\_pytest\runner.py", line 136, in runtestprotocol
    reports.append(call_and_report(item, "call", log))
  File "C:\Users\catai\AppData\Local\Programs\Python\Python312\Lib\site-packages\_pytest\runner.py", line 245, in call_and_report
    call = CallInfo.from_call(
  File "C:\Users\catai\AppData\Local\Programs\Python\Python312\Lib\site-packages\_pytest\runner.py", line 344, in from_call
    result: TResult | None = func()
  File "C:\Users\catai\AppData\Local\Programs\Python\Python312\Lib\site-packages\_pytest\runner.py", line 246, in <lambda>
    lambda: runtest_hook(item=item, **kwds), when=when, reraise=reraise
  File "C:\Users\catai\AppData\Local\Programs\Python\Python312\Lib\site-packages\pluggy\_hooks.py", line 512, in __call__
    return self._hookexec(self.name, self._hookimpls.copy(), kwargs, firstresult)
  File "C:\Users\catai\AppData\Local\Programs\Python\Python312\Lib\site-packages\pluggy\_manager.py", line 120, in _hookexec
    return self._inner_hookexec(hook_name, methods, kwargs, firstresult)
  File "C:\Users\catai\AppData\Local\Programs\Python\Python312\Lib\site-packages\pluggy\_callers.py", line 121, in _multicall
    res = hook_impl.function(*args)
  File "C:\Users\catai\AppData\Local\Programs\Python\Python312\Lib\site-packages\_pytest\runner.py", line 178, in pytest_runtest_call
    item.runtest()
  File "C:\Users\catai\AppData\Local\Programs\Python\Python312\Lib\site-packages\pytest_asyncio\plugin.py", line 508, in runtest
    super().runtest()
  File "C:\Users\catai\AppData\Local\Programs\Python\Python312\Lib\site-packages\_pytest\python.py", line 1671, in runtest
    self.ihook.pytest_pyfunc_call(pyfuncitem=self)
  File "C:\Users\catai\AppData\Local\Programs\Python\Python312\Lib\site-packages\pluggy\_hooks.py", line 512, in __call__
    return self._hookexec(self.name, self._hookimpls.copy(), kwargs, firstresult)
  File "C:\Users\catai\AppData\Local\Programs\Python\Python312\Lib\site-packages\pluggy\_manager.py", line 120, in _hookexec
    return self._inner_hookexec(hook_name, methods, kwargs, firstresult)
  File "C:\Users\catai\AppData\Local\Programs\Python\Python312\Lib\site-packages\pluggy\_callers.py", line 121, in _multicall
    res = hook_impl.function(*args)
  File "C:\Users\catai\AppData\Local\Programs\Python\Python312\Lib\site-packages\_pytest\python.py", line 157, in pytest_pyfunc_call
    result = testfunction(**testargs)
  File "C:\Users\catai\AppData\Local\Programs\Python\Python312\Lib\site-packages\pytest_asyncio\plugin.py", line 773, in inner
    _loop.run_until_complete(task)
  File "C:\Users\catai\AppData\Local\Programs\Python\Python312\Lib\asyncio\base_events.py", line 678, in run_until_complete
    self.run_forever()
  File "C:\Users\catai\AppData\Local\Programs\Python\Python312\Lib\asyncio\windows_events.py", line 322, in run_forever
    super().run_forever()
  File "C:\Users\catai\AppData\Local\Programs\Python\Python312\Lib\asyncio\base_events.py", line 645, in run_forever
    self._run_once()
  File "C:\Users\catai\AppData\Local\Programs\Python\Python312\Lib\asyncio\base_events.py", line 1961, in _run_once
    event_list = self._selector.select(timeout)
  File "C:\Users\catai\AppData\Local\Programs\Python\Python312\Lib\asyncio\windows_events.py", line 445, in select
    self._poll(timeout)
  File "C:\Users\catai\AppData\Local\Programs\Python\Python312\Lib\asyncio\windows_events.py", line 774, in _poll
    status = _overlapped.GetQueuedCompletionStatus(self._iocp, ms)
+++++++++++++++++++++++++++++++++++ Timeout +++++++++++++++++++++++++++++++++++
